Archive member included to satisfy reference by file (symbol)

c:/nxp/mcuxpressoide_11.3.1_5262/ide/plugins/com.nxp.mcuxpresso.tools.win32_11.3.0.202008311133/tools/bin/../lib/gcc/arm-none-eabi/9.3.1/../../../../arm-none-eabi/lib/thumb/v7e-m+fp/hard\libcr_nohost_nf.a(_cr__main.o)
                              ./startup/startup_mk64f12.o (__main)
c:/nxp/mcuxpressoide_11.3.1_5262/ide/plugins/com.nxp.mcuxpresso.tools.win32_11.3.0.202008311133/tools/bin/../lib/gcc/arm-none-eabi/9.3.1/../../../../arm-none-eabi/lib/thumb/v7e-m+fp/hard\libcr_nohost_nf.a(_cr_assert.o)
                              ./source/fsl_dspi.o (__assertion_failed)
c:/nxp/mcuxpressoide_11.3.1_5262/ide/plugins/com.nxp.mcuxpresso.tools.win32_11.3.0.202008311133/tools/bin/../lib/gcc/arm-none-eabi/9.3.1/../../../../arm-none-eabi/lib/thumb/v7e-m+fp/hard\libcr_nohost_nf.a(__ciob.o)
                              c:/nxp/mcuxpressoide_11.3.1_5262/ide/plugins/com.nxp.mcuxpresso.tools.win32_11.3.0.202008311133/tools/bin/../lib/gcc/arm-none-eabi/9.3.1/../../../../arm-none-eabi/lib/thumb/v7e-m+fp/hard\libcr_nohost_nf.a(_cr_assert.o) (__Ciob)
c:/nxp/mcuxpressoide_11.3.1_5262/ide/plugins/com.nxp.mcuxpresso.tools.win32_11.3.0.202008311133/tools/bin/../lib/gcc/arm-none-eabi/9.3.1/../../../../arm-none-eabi/lib/thumb/v7e-m+fp/hard\libcr_nohost_nf.a(__sys_appexit.o)
                              c:/nxp/mcuxpressoide_11.3.1_5262/ide/plugins/com.nxp.mcuxpresso.tools.win32_11.3.0.202008311133/tools/bin/../lib/gcc/arm-none-eabi/9.3.1/../../../../arm-none-eabi/lib/thumb/v7e-m+fp/hard\libcr_nohost_nf.a(_cr_assert.o) (__sys_appexit)
c:/nxp/mcuxpressoide_11.3.1_5262/ide/plugins/com.nxp.mcuxpresso.tools.win32_11.3.0.202008311133/tools/bin/../lib/gcc/arm-none-eabi/9.3.1/../../../../arm-none-eabi/lib/thumb/v7e-m+fp/hard\libcr_c.a(memcpy.o)
                              ./utilities/fsl_str.o (memcpy)
c:/nxp/mcuxpressoide_11.3.1_5262/ide/plugins/com.nxp.mcuxpresso.tools.win32_11.3.0.202008311133/tools/bin/../lib/gcc/arm-none-eabi/9.3.1/../../../../arm-none-eabi/lib/thumb/v7e-m+fp/hard\libcr_c.a(memset.o)
                              ./utilities/fsl_debug_console.o (memset)
c:/nxp/mcuxpressoide_11.3.1_5262/ide/plugins/com.nxp.mcuxpresso.tools.win32_11.3.0.202008311133/tools/bin/../lib/gcc/arm-none-eabi/9.3.1/../../../../arm-none-eabi/lib/thumb/v7e-m+fp/hard\libcr_c.a(_deferredlazyseek.o)
                              c:/nxp/mcuxpressoide_11.3.1_5262/ide/plugins/com.nxp.mcuxpresso.tools.win32_11.3.0.202008311133/tools/bin/../lib/gcc/arm-none-eabi/9.3.1/../../../../arm-none-eabi/lib/thumb/v7e-m+fp/hard\libcr_nohost_nf.a(_cr_assert.o) (__flsbuf)
c:/nxp/mcuxpressoide_11.3.1_5262/ide/plugins/com.nxp.mcuxpresso.tools.win32_11.3.0.202008311133/tools/bin/../lib/gcc/arm-none-eabi/9.3.1/../../../../arm-none-eabi/lib/thumb/v7e-m+fp/hard\libcr_c.a(_fflush.o)
                              c:/nxp/mcuxpressoide_11.3.1_5262/ide/plugins/com.nxp.mcuxpresso.tools.win32_11.3.0.202008311133/tools/bin/../lib/gcc/arm-none-eabi/9.3.1/../../../../arm-none-eabi/lib/thumb/v7e-m+fp/hard\libcr_c.a(_deferredlazyseek.o) (_fflush)
c:/nxp/mcuxpressoide_11.3.1_5262/ide/plugins/com.nxp.mcuxpresso.tools.win32_11.3.0.202008311133/tools/bin/../lib/gcc/arm-none-eabi/9.3.1/../../../../arm-none-eabi/lib/thumb/v7e-m+fp/hard\libcr_c.a(_writebuf.o)
                              c:/nxp/mcuxpressoide_11.3.1_5262/ide/plugins/com.nxp.mcuxpresso.tools.win32_11.3.0.202008311133/tools/bin/../lib/gcc/arm-none-eabi/9.3.1/../../../../arm-none-eabi/lib/thumb/v7e-m+fp/hard\libcr_c.a(_deferredlazyseek.o) (_Cwritebuf)
c:/nxp/mcuxpressoide_11.3.1_5262/ide/plugins/com.nxp.mcuxpresso.tools.win32_11.3.0.202008311133/tools/bin/../lib/gcc/arm-none-eabi/9.3.1/../../../../arm-none-eabi/lib/thumb/v7e-m+fp/hard\libcr_c.a(alloc.o)
                              ./drivers/fsl_common.o (malloc)
c:/nxp/mcuxpressoide_11.3.1_5262/ide/plugins/com.nxp.mcuxpresso.tools.win32_11.3.0.202008311133/tools/bin/../lib/gcc/arm-none-eabi/9.3.1/../../../../arm-none-eabi/lib/thumb/v7e-m+fp/hard\libcr_c.a(errno.o)
                              ./utilities/fsl_str.o (errno)
c:/nxp/mcuxpressoide_11.3.1_5262/ide/plugins/com.nxp.mcuxpresso.tools.win32_11.3.0.202008311133/tools/bin/../lib/gcc/arm-none-eabi/9.3.1/../../../../arm-none-eabi/lib/thumb/v7e-m+fp/hard\libcr_c.a(fputs.o)
                              c:/nxp/mcuxpressoide_11.3.1_5262/ide/plugins/com.nxp.mcuxpresso.tools.win32_11.3.0.202008311133/tools/bin/../lib/gcc/arm-none-eabi/9.3.1/../../../../arm-none-eabi/lib/thumb/v7e-m+fp/hard\libcr_nohost_nf.a(_cr_assert.o) (fputs)
c:/nxp/mcuxpressoide_11.3.1_5262/ide/plugins/com.nxp.mcuxpresso.tools.win32_11.3.0.202008311133/tools/bin/../lib/gcc/arm-none-eabi/9.3.1/../../../../arm-none-eabi/lib/thumb/v7e-m+fp/hard\libcr_c.a(fseek.o)
[...]
Memory Configuration

Name             Origin             Length             Attributes
PROGRAM_FLASH    0x00000000         0x00100000         xr
SRAM_UPPER       0x20000000         0x00030000         xrw
SRAM_LOWER       0x1fff0000         0x00010000         xrw
FLEX_RAM         0x14000000         0x00001000         xrw
*default*        0x00000000         0xffffffff

Linker script and memory map

LOAD ./utilities/fsl_debug_console.o
LOAD ./utilities/fsl_str.o
LOAD ./startup/startup_mk64f12.o
LOAD ./source/Final.o
LOAD ./source/freertos_spi.o
LOAD ./source/fsl_dspi.o
LOAD ./source/nokiaLCD.o
LOAD ./source/semihost_hardfault.o
LOAD ./freertos/freertos_kernel/portable/MemMang/heap_4.o
LOAD ./freertos/freertos_kernel/portable/GCC/ARM_CM4F/port.o
LOAD ./freertos/freertos_kernel/croutine.o
LOAD ./freertos/freertos_kernel/event_groups.o
LOAD ./freertos/freertos_kernel/list.o
LOAD ./freertos/freertos_kernel/queue.o
LOAD ./freertos/freertos_kernel/stream_buffer.o
LOAD ./freertos/freertos_kernel/tasks.o
LOAD ./freertos/freertos_kernel/timers.o
LOAD ./drivers/fsl_adc16.o
LOAD ./drivers/fsl_clock.o
LOAD ./drivers/fsl_common.o
LOAD ./drivers/fsl_common_arm.o
LOAD ./drivers/fsl_gpio.o
LOAD ./drivers/fsl_i2c.o
LOAD ./drivers/fsl_smc.o
LOAD ./drivers/fsl_uart.o
LOAD ./device/system_MK64F12.o
LOAD ./component/uart/fsl_adapter_uart.o
LOAD ./component/serial_manager/fsl_component_serial_manager.o
LOAD ./component/serial_manager/fsl_component_serial_port_uart.o
LOAD ./component/lists/fsl_component_generic_list.o
LOAD ./board/board.o
LOAD ./board/clock_config.o
LOAD ./board/peripherals.o
LOAD ./board/pin_mux.o
START GROUP
LOAD c:/nxp/mcuxpressoide_11.3.1_5262/ide/plugins/com.nxp.mcuxpresso.tools.win32_11.3.0.202008311133/tools/bin/../lib/gcc/arm-none-eabi/9.3.1/../../../../arm-none-eabi/lib/thumb/v7e-m+fp/hard\libcr_nohost_nf.a
LOAD c:/nxp/mcuxpressoide_11.3.1_5262/ide/plugins/com.nxp.mcuxpresso.tools.win32_11.3.0.202008311133/tools/bin/../lib/gcc/arm-none-eabi/9.3.1/../../../../arm-none-eabi/lib/thumb/v7e-m+fp/hard\libcr_c.a
LOAD c:/nxp/mcuxpressoide_11.3.1_5262/ide/plugins/com.nxp.mcuxpresso.tools.win32_11.3.0.202008311133/tools/bin/../lib/gcc/arm-none-eabi/9.3.1/thumb/v7e-m+fp/hard\libcr_eabihelpers.a
LOAD c:/nxp/mcuxpressoide_11.3.1_5262/ide/plugins/com.nxp.mcuxpresso.tools.win32_11.3.0.202008311133/tools/bin/../lib/gcc/arm-none-eabi/9.3.1/thumb/v7e-m+fp/hard\libgcc.a
END GROUP
                0x00000000                __base_PROGRAM_FLASH = 0x0
                0x00000000                __base_Flash = 0x0
                0x00100000                __top_PROGRAM_FLASH = 0x100000
                0x00100000                __top_Flash = 0x100000
                0x20000000                __base_SRAM_UPPER = 0x20000000
                0x20000000                __base_RAM = 0x20000000
                0x20030000                __top_SRAM_UPPER = 0x20030000
                0x20030000                __top_RAM = 0x20030000
                0x1fff0000                __base_SRAM_LOWER = 0x1fff0000
                0x1fff0000                __base_RAM2 = 0x1fff0000
                0x20000000                __top_SRAM_LOWER = 0x20000000
                0x20000000                __top_RAM2 = 0x20000000
                0x14000000                __base_FLEX_RAM = 0x14000000
                0x14000000                __base_RAM3 = 0x14000000
                0x14001000                __top_FLEX_RAM = 0x14001000
                0x14001000                __top_RAM3 = 0x14001000

.text           0x00000000     0x8b08
 FILL mask 0xff
                0x00000000                __vectors_start__ = ABSOLUTE (.)
 *(SORT_BY_ALIGNMENT(.isr_vector))
 .isr_vector    0x00000000      0x198 ./startup/startup_mk64f12.o
                0x00000000                g_pfnVectors
                0x00000000                __Vectors
                0x00000198                . = ALIGN (0x4)
                0x00000198                __section_table_start = .
                0x00000198                __data_section_table = .
                0x00000198        0x4 LONG 0x8b08 LOADADDR (.data)
                0x0000019c        0x4 LONG 0x20000000 ADDR (.data)
                0x000001a0        0x4 LONG 0x210 SIZEOF (.data)
                0x000001a4        0x4 LONG 0x8b08 LOADADDR (.data_RAM2)
                0x000001a8        0x4 LONG 0x1fff0000 ADDR (.data_RAM2)
                0x000001ac        0x4 LONG 0x0 SIZEOF (.data_RAM2)
                0x000001b0        0x4 LONG 0x8b08 LOADADDR (.data_RAM3)
                0x000001b4        0x4 LONG 0x14000000 ADDR (.data_RAM3)
                0x000001b8        0x4 LONG 0x0 SIZEOF (.data_RAM3)
                0x000001bc                __data_section_table_end = .
                0x000001bc                __bss_section_table = .
                0x000001bc        0x4 LONG 0x20000210 ADDR (.bss)
                0x000001c0        0x4 LONG 0x2b78 SIZEOF (.bss)
                0x000001c4        0x4 LONG 0x1fff0000 ADDR (.bss_RAM2)
                0x000001c8        0x4 LONG 0x0 SIZEOF (.bss_RAM2)
                0x000001cc        0x4 LONG 0x14000000 ADDR (.bss_RAM3)
                0x000001d0        0x4 LONG 0x0 SIZEOF (.bss_RAM3)
                0x000001d4                __bss_section_table_end = .
                0x000001d4                __section_table_end = .
 *(SORT_BY_ALIGNMENT(.after_vectors*))
 .after_vectors.reset
                0x000001d4       0x4c ./startup/startup_mk64f12.o
                0x000001d4                ResetISR
 .after_vectors.init_data
                0x00000220       0x1e ./startup/startup_mk64f12.o
                0x00000220                data_init
 .after_vectors.init_bss
                0x0000023e       0x12 ./startup/startup_mk64f12.o
                0x0000023e                bss_init
 .after_vectors
                0x00000250       0x14 ./startup/startup_mk64f12.o
                0x00000250                NMI_Handler
                0x00000254                MemManage_Handler
                0x00000256                BusFault_Handler
                0x00000258                UsageFault_Handler
                0x0000025c                DebugMon_Handler
                0x00000262                DMA_Error_DriverIRQHandler
                0x00000262                LPTMR0_DriverIRQHandler
                0x00000262                FTM1_DriverIRQHandler
                0x00000262                FTM2_DriverIRQHandler
                0x00000262                PIT2_DriverIRQHandler
                0x00000262                SDHC_DriverIRQHandler
                0x00000262                I2S0_Tx_DriverIRQHandler
                0x00000262                RTC_Seconds_DriverIRQHandler
                0x00000262                DMA6_DriverIRQHandler
                0x00000262                LLWU_DriverIRQHandler
                0x00000262                MCM_DriverIRQHandler
                0x00000262                MCG_DriverIRQHandler
                0x00000262                ENET_1588_Timer_DriverIRQHandler
                0x00000262                DAC1_DriverIRQHandler
                0x00000262                DMA12_DriverIRQHandler
                0x00000262                CMP1_DriverIRQHandler
                0x00000262                FTM0_DriverIRQHandler
                0x00000262                IntDefaultHandler
                0x00000262                USB0_DriverIRQHandler
                0x00000262                UART5_ERR_DriverIRQHandler
                0x00000262                PORTC_DriverIRQHandler
                0x00000262                DMA11_DriverIRQHandler
                0x00000262                DAC0_DriverIRQHandler
                0x00000262                DMA10_DriverIRQHandler
                0x00000262                CMP2_DriverIRQHandler
                0x00000262                UART2_ERR_DriverIRQHandler
                0x00000262                LVD_LVW_DriverIRQHandler
                0x00000262                PIT0_DriverIRQHandler
                0x00000262                RNG_DriverIRQHandler
                0x00000262                PORTB_DriverIRQHandler
                0x00000262                DMA4_DriverIRQHandler
                0x00000262                USBDCD_DriverIRQHandler
                0x00000262                UART3_ERR_DriverIRQHandler
                0x00000262                DMA3_DriverIRQHandler
                0x00000262                DMA8_DriverIRQHandler
                0x00000262                DMA9_DriverIRQHandler
                0x00000262                UART0_ERR_DriverIRQHandler
                0x00000262                CMT_DriverIRQHandler
                0x00000262                Reserved71_DriverIRQHandler
                0x00000262                ADC1_DriverIRQHandler
                0x00000262                PORTA_DriverIRQHandler
                0x00000262                DMA14_DriverIRQHandler
                0x00000262                PIT3_DriverIRQHandler
                0x00000262                PIT1_DriverIRQHandler
                0x00000262                WDOG_EWM_DriverIRQHandler
                0x00000262                PDB0_DriverIRQHandler
                0x00000262                RTC_DriverIRQHandler
                0x00000262                I2S0_Rx_DriverIRQHandler
                0x00000262                Read_Collision_DriverIRQHandler
                0x00000262                SWI_DriverIRQHandler
                0x00000262                UART4_ERR_DriverIRQHandler
                0x00000262                DMA0_DriverIRQHandler
                0x00000262                UART0_LON_DriverIRQHandler
                0x00000262                DMA1_DriverIRQHandler
                0x00000262                ENET_Receive_DriverIRQHandler
                0x00000262                DMA13_DriverIRQHandler
                0x00000262                ENET_Error_DriverIRQHandler
                0x00000262                DMA15_DriverIRQHandler
                0x00000262                ADC0_DriverIRQHandler
                0x00000262                CMP0_DriverIRQHandler
                0x00000262                CAN0_DriverIRQHandler
                0x00000262                FTM3_DriverIRQHandler
                0x00000262                DMA5_DriverIRQHandler
                0x00000262                UART1_ERR_DriverIRQHandler
                0x00000262                DMA2_DriverIRQHandler
                0x00000262                ENET_Transmit_DriverIRQHandler
                0x00000262                PORTD_DriverIRQHandler
                0x00000262                PORTE_DriverIRQHandler
                0x00000262                FTFE_DriverIRQHandler
                0x00000262                DMA7_DriverIRQHandler
                0x00000400                . = 0x400
 *fill*         0x00000264      0x19c ff
                0x00000400                PROVIDE (__FLASH_CONFIG_START__ = .)
 *(SORT_BY_ALIGNMENT(.FlashConfig))
 .FlashConfig   0x00000400       0x10 ./startup/startup_mk64f12.o
                0x00000400                Flash_Config
                0x00000410                PROVIDE (__FLASH_CONFIG_END__ = .)
                0x00000001                ASSERT (! ((__FLASH_CONFIG_START__ == __FLASH_CONFIG_END__)), Linker Flash Config Support Enabled, but no .FlashConfig section provided within application)
 *(SORT_BY_ALIGNMENT(.text*))
 .text.SVC_Handler
                0x00000410       0x28 ./freertos/freertos_kernel/portable/GCC/ARM_CM4F/port.o
                0x00000410                SVC_Handler
 *fill*         0x00000438        0x8 ff
 .text.PendSV_Handler
                0x00000440       0x68 ./freertos/freertos_kernel/portable/GCC/ARM_CM4F/port.o
                0x00000440                PendSV_Handler
 .text.DbgConsole_SendDataReliable
                0x000004a8       0x54 ./utilities/fsl_debug_console.o
                0x000004a8                DbgConsole_SendDataReliable
 .text.DbgConsole_Init
                0x000004fc      0x118 ./utilities/fsl_debug_console.o
                0x000004fc                DbgConsole_Init
 .text.DbgConsole_Printf
                0x00000614       0x78 ./utilities/fsl_debug_console.o
                0x00000614                DbgConsole_Printf
 .text.taskLCDImg
                0x0000068c       0x28 ./source/Final.o
                0x0000068c                taskLCDImg
 .text.main     0x000006b4       0xfc ./source/Final.o
                0x000006b4                main
 .text.vTask_0  0x000007b0       0xc0 ./source/Final.o
                0x000007b0                vTask_0
 .text.seconds_task
                0x00000870       0x80 ./source/Final.o
                0x00000870                seconds_task
 .text.minutes_task
                0x000008f0       0x88 ./source/Final.o
                0x000008f0                minutes_task
 .text.hours_task
                0x00000978       0x78 ./source/Final.o
                0x00000978                hours_task
 .text.__NVIC_SetPriority
                0x000009f0       0x54 ./source/freertos_spi.o
 .text.freertos_spi_init
                0x00000a44      0x224 ./source/freertos_spi.o
                0x00000a44                freertos_spi_init
 .text.freertos_spi_transfer
                0x00000c68       0xb8 ./source/freertos_spi.o
                0x00000c68                freertos_spi_transfer
 .text.fsl_spi_callback
                0x00000d20       0x68 ./source/freertos_spi.o
 .text.freertos_spi_get_port_base
                0x00000d88       0x70 ./source/freertos_spi.o
 .text.freertos_spi_get_spi_base
                0x00000df8       0x3c ./source/freertos_spi.o
 .text.__NVIC_EnableIRQ
                0x00000e34       0x3c ./source/fsl_dspi.o
 .text.__NVIC_DisableIRQ
                0x00000e70       0x48 ./source/fsl_dspi.o
 .text.DSPI_GetInstance
                0x00000eb8       0x4c ./source/fsl_dspi.o
                0x00000eb8                DSPI_GetInstance
 .text.DSPI_GetDummyDataInstance
                0x00000f04       0x24 ./source/fsl_dspi.o
                0x00000f04                DSPI_GetDummyDataInstance
 .text.DSPI_SetDummyData
                0x00000f28       0x2c ./source/fsl_dspi.o
                0x00000f28                DSPI_SetDummyData
 .text.DSPI_MasterInit
                0x00000f54      0x16c ./source/fsl_dspi.o
                0x00000f54                DSPI_MasterInit
 .text.DSPI_MasterSetBaudRate
                0x000010c0      0x12c ./source/fsl_dspi.o
                0x000010c0                DSPI_MasterSetBaudRate
 .text.DSPI_MasterSetDelayScaler
                0x000011ec       0xe8 ./source/fsl_dspi.o
                0x000011ec                DSPI_MasterSetDelayScaler
 .text.DSPI_MasterSetDelayTimes
                0x000012d4      0x130 ./source/fsl_dspi.o
                0x000012d4                DSPI_MasterSetDelayTimes
 .text.DSPI_MasterTransferCreateHandle
                0x00001404       0x50 ./source/fsl_dspi.o
                0x00001404                DSPI_MasterTransferCreateHandle
 .text.DSPI_MasterTransferPrepare
                0x00001454      0x17c ./source/fsl_dspi.o
 .text.DSPI_MasterTransferNonBlocking
                0x000015d0       0xb4 ./source/fsl_dspi.o
                0x000015d0                DSPI_MasterTransferNonBlocking
 .text.DSPI_MasterTransferComplete
                0x00001684       0x78 ./source/fsl_dspi.o
 .text.DSPI_MasterTransferFillUpTxFifo
                0x000016fc      0x1f8 ./source/fsl_dspi.o
 .text.DSPI_MasterTransferHandleIRQ
                0x000018f4      0x168 ./source/fsl_dspi.o
                0x000018f4                DSPI_MasterTransferHandleIRQ
 .text.DSPI_CommonIRQHandler
                0x00001a5c       0x44 ./source/fsl_dspi.o
 .text.SPI0_DriverIRQHandler
                0x00001aa0       0x30 ./source/fsl_dspi.o
                0x00001aa0                SPI0_DriverIRQHandler
 .text.SPI1_DriverIRQHandler
                0x00001ad0       0x30 ./source/fsl_dspi.o
                0x00001ad0                SPI1_DriverIRQHandler
 .text.SPI2_DriverIRQHandler
                0x00001b00       0x30 ./source/fsl_dspi.o
                0x00001b00                SPI2_DriverIRQHandler
 .text.nokiaLCD_backlight
                0x00001b30       0x34 ./source/nokiaLCD.o
                0x00001b30                nokiaLCD_backlight
 .text.nokiaLCD_write
                0x00001b64       0x40 ./source/nokiaLCD.o
                0x00001b64                nokiaLCD_write
 .text.nokiaLCD_initialise
                0x00001ba4       0xf4 ./source/nokiaLCD.o
                0x00001ba4                nokiaLCD_initialise
 .text.nokiaLCD_updateDisplay
                0x00001c98       0x40 ./source/nokiaLCD.o
                0x00001c98                nokiaLCD_updateDisplay
 .text.nokiaLCD_clearDisplay
                0x00001cd8       0x4c ./source/nokiaLCD.o
                0x00001cd8                nokiaLCD_clearDisplay
 .text.nokiaLCD_setChar
                0x00001d24       0xa4 ./source/nokiaLCD.o
                0x00001d24                nokiaLCD_setChar
 .text.nokiaLCD_setBitmap
                0x00001dc8       0x44 ./source/nokiaLCD.o
                0x00001dc8                nokiaLCD_setBitmap
 .text.nokiaLCD_delay
                0x00001e0c       0x38 ./source/nokiaLCD.o
 .text.nokiaLCD_setPixel
                0x00001e44       0xc4 ./source/nokiaLCD.o
 .text.pvPortMalloc
                0x00001f08      0x1c0 ./freertos/freertos_kernel/portable/MemMang/heap_4.o
                0x00001f08                pvPortMalloc
 .text.vPortFree
                0x000020c8       0xc4 ./freertos/freertos_kernel/portable/MemMang/heap_4.o
                0x000020c8                vPortFree
 .text.prvHeapInit
                0x0000218c       0xc4 ./freertos/freertos_kernel/portable/MemMang/heap_4.o
 .text.prvInsertBlockIntoFreeList
                0x00002250       0xb4 ./freertos/freertos_kernel/portable/MemMang/heap_4.o
 .text.pxPortInitialiseStack
                0x00002304       0x68 ./freertos/freertos_kernel/portable/GCC/ARM_CM4F/port.o
                0x00002304                pxPortInitialiseStack
 .text.prvTaskExitError
                0x0000236c       0x58 ./freertos/freertos_kernel/portable/GCC/ARM_CM4F/port.o
 .text.prvPortStartFirstTask
                0x000023c4       0x2c ./freertos/freertos_kernel/portable/GCC/ARM_CM4F/port.o
 .text.xPortStartScheduler
                0x000023f0      0x144 ./freertos/freertos_kernel/portable/GCC/ARM_CM4F/port.o
                0x000023f0                xPortStartScheduler
 .text.vPortEnterCritical
                0x00002534       0x60 ./freertos/freertos_kernel/portable/GCC/ARM_CM4F/port.o
                0x00002534                vPortEnterCritical
 .text.vPortExitCritical
                0x00002594       0x54 ./freertos/freertos_kernel/portable/GCC/ARM_CM4F/port.o
                0x00002594                vPortExitCritical
 .text.SysTick_Handler
                0x000025e8       0x44 ./freertos/freertos_kernel/portable/GCC/ARM_CM4F/port.o
                0x000025e8                SysTick_Handler
 .text.vPortSetupTimerInterrupt
                0x0000262c       0x48 ./freertos/freertos_kernel/portable/GCC/ARM_CM4F/port.o
                0x0000262c                vPortSetupTimerInterrupt
 .text.vPortEnableVFP
                0x00002674       0x18 ./freertos/freertos_kernel/portable/GCC/ARM_CM4F/port.o
 .text.vPortValidateInterruptPriority
                0x0000268c       0x80 ./freertos/freertos_kernel/portable/GCC/ARM_CM4F/port.o
                0x0000268c                vPortValidateInterruptPriority
 .text.xQueueGenericReset
                0x0000270c       0xd0 ./freertos/freertos_kernel/queue.o
                0x0000270c                xQueueGenericReset
 .text.xQueueGenericSend
                0x000027dc      0x1fc ./freertos/freertos_kernel/queue.o
                0x000027dc                xQueueGenericSend
 .text.xQueueReceive
                0x000029d8      0x1c0 ./freertos/freertos_kernel/queue.o
                0x000029d8                xQueueReceive
 .text.xQueueSemaphoreTake
                0x00002b98      0x21c ./freertos/freertos_kernel/queue.o
                0x00002b98                xQueueSemaphoreTake
 .text.vQueueAddToRegistry
                0x00002db4       0x54 ./freertos/freertos_kernel/queue.o
                0x00002db4                vQueueAddToRegistry
 .text.prvAddNewTaskToReadyList
                0x00002e08       0xdc ./freertos/freertos_kernel/tasks.o
 .text.xTaskDelayUntil
                0x00002ee4       0xfc ./freertos/freertos_kernel/tasks.o
                0x00002ee4                xTaskDelayUntil
 .text.vTaskDelay
                0x00002fe0       0x68 ./freertos/freertos_kernel/tasks.o
                0x00002fe0                vTaskDelay
 .text.vTaskStartScheduler
                0x00003048       0xa4 ./freertos/freertos_kernel/tasks.o
                0x00003048                vTaskStartScheduler
 .text.vTaskSuspendAll
                0x000030ec       0x1c ./freertos/freertos_kernel/tasks.o
                0x000030ec                vTaskSuspendAll
 .text.xTaskResumeAll
                0x00003108      0x138 ./freertos/freertos_kernel/tasks.o
                0x00003108                xTaskResumeAll
 .text.xTaskGetTickCount
                0x00003240       0x20 ./freertos/freertos_kernel/tasks.o
                0x00003240                xTaskGetTickCount
 .text.xTaskIncrementTick
                0x00003260      0x154 ./freertos/freertos_kernel/tasks.o
                0x00003260                xTaskIncrementTick
 .text.vTaskSwitchContext
                0x000033b4       0xb8 ./freertos/freertos_kernel/tasks.o
                0x000033b4                vTaskSwitchContext
 .text.vTaskPlaceOnEventList
                0x0000346c       0x48 ./freertos/freertos_kernel/tasks.o
                0x0000346c                vTaskPlaceOnEventList
 .text.vTaskPlaceOnEventListRestricted
                0x000034b4       0x58 ./freertos/freertos_kernel/tasks.o
                0x000034b4                vTaskPlaceOnEventListRestricted
 .text.xTaskRemoveFromEventList
                0x0000350c       0xc4 ./freertos/freertos_kernel/tasks.o
                0x0000350c                xTaskRemoveFromEventList
 .text.vTaskInternalSetTimeOutState
                0x000035d0       0x2c ./freertos/freertos_kernel/tasks.o
                0x000035d0                vTaskInternalSetTimeOutState
 .text.xTaskCheckForTimeOut
                0x000035fc       0xcc ./freertos/freertos_kernel/tasks.o
                0x000035fc                xTaskCheckForTimeOut
 .text.vTaskMissedYield
                0x000036c8       0x18 ./freertos/freertos_kernel/tasks.o
                0x000036c8                vTaskMissedYield
 .text.prvIdleTask
                0x000036e0       0x30 ./freertos/freertos_kernel/tasks.o
 .text.prvInitialiseTaskLists
                0x00003710       0x80 ./freertos/freertos_kernel/tasks.o
 .text.prvCheckTasksWaitingTermination
                0x00003790       0x5c ./freertos/freertos_kernel/tasks.o
 .text.prvResetNextTaskUnblockTime
                0x000037ec       0x38 ./freertos/freertos_kernel/tasks.o
 .text.xTaskGetSchedulerState
                0x00003824       0x3c ./freertos/freertos_kernel/tasks.o
                0x00003824                xTaskGetSchedulerState
 .text.xTaskPriorityInherit
                0x00003860       0xec ./freertos/freertos_kernel/tasks.o
                0x00003860                xTaskPriorityInherit
 .text.xTaskPriorityDisinherit
                0x0000394c       0xf4 ./freertos/freertos_kernel/tasks.o
                0x0000394c                xTaskPriorityDisinherit
 .text.vTaskPriorityDisinheritAfterTimeout
                0x00003a40      0x11c ./freertos/freertos_kernel/tasks.o
                0x00003a40                vTaskPriorityDisinheritAfterTimeout
 .text.pvTaskIncrementMutexHeldCount
                0x00003b5c       0x28 ./freertos/freertos_kernel/tasks.o
                0x00003b5c                pvTaskIncrementMutexHeldCount
 .text.prvAddCurrentTaskToDelayedList
                0x00003b84       0xcc ./freertos/freertos_kernel/tasks.o
 .text.xTimerCreateTimerTask
                0x00003c50       0x64 ./freertos/freertos_kernel/timers.o
                0x00003c50                xTimerCreateTimerTask
 .text.xTimerGenericCommand
                0x00003cb4       0x9c ./freertos/freertos_kernel/timers.o
                0x00003cb4                xTimerGenericCommand
 .text.prvProcessExpiredTimer
                0x00003d50       0x98 ./freertos/freertos_kernel/timers.o
 .text.prvProcessTimerOrBlockTask
                0x00003de8       0x9c ./freertos/freertos_kernel/timers.o
 .text.prvGetNextExpireTime
                0x00003e84       0x48 ./freertos/freertos_kernel/timers.o
 .text.prvSampleTimeNow
                0x00003ecc       0x40 ./freertos/freertos_kernel/timers.o
 .text.prvInsertTimerInActiveList
                0x00003f0c       0x84 ./freertos/freertos_kernel/timers.o
 .text.prvProcessReceivedCommands
                0x00003f90      0x1c4 ./freertos/freertos_kernel/timers.o
 .text.prvSwitchTimerLists
                0x00004154       0xc8 ./freertos/freertos_kernel/timers.o
 .text.prvCheckForValidListAndQueue
                0x0000421c       0x6c ./freertos/freertos_kernel/timers.o
 .text.CLOCK_SetEr32kClock
                0x00004288       0x30 ./drivers/fsl_clock.o
 .text.CLOCK_SetPllFllSelClock
                0x000042b8       0x3c ./drivers/fsl_clock.o
 .text.CLOCK_GetMcgExtClkFreq
                0x000042f4       0x7c ./drivers/fsl_clock.o
 .text.CLOCK_GetFllExtRefClkFreq
                0x00004370       0xb0 ./drivers/fsl_clock.o
 .text.CLOCK_GetInternalRefClkSelectFreq
                0x00004420       0x4c ./drivers/fsl_clock.o
 .text.CLOCK_GetFllRefClkFreq
                0x0000446c       0x34 ./drivers/fsl_clock.o
 .text.CLOCK_GetOscRangeFromFreq
                0x000044a0       0x3c ./drivers/fsl_clock.o
 .text.CLOCK_GetOsc0ErClkFreq
                0x000044dc       0x44 ./drivers/fsl_clock.o
                0x000044dc                CLOCK_GetOsc0ErClkFreq
 .text.CLOCK_GetEr32kClkFreq
                0x00004520       0x74 ./drivers/fsl_clock.o
                0x00004520                CLOCK_GetEr32kClkFreq
 .text.CLOCK_GetPllFllSelClkFreq
                0x00004594       0x58 ./drivers/fsl_clock.o
                0x00004594                CLOCK_GetPllFllSelClkFreq
 .text.CLOCK_GetCoreSysClkFreq
                0x000045ec       0x28 ./drivers/fsl_clock.o
                0x000045ec                CLOCK_GetCoreSysClkFreq
 .text.CLOCK_GetFreq
                0x00004614      0x148 ./drivers/fsl_clock.o
                0x00004614                CLOCK_GetFreq
 .text.CLOCK_SetSimConfig
                0x0000475c       0x38 ./drivers/fsl_clock.o
                0x0000475c                CLOCK_SetSimConfig
 .text.CLOCK_EnableUsbfs0Clock
                0x00004794      0x110 ./drivers/fsl_clock.o
                0x00004794                CLOCK_EnableUsbfs0Clock
 .text.CLOCK_GetOutClkFreq
                0x000048a4       0x64 ./drivers/fsl_clock.o
                0x000048a4                CLOCK_GetOutClkFreq
 .text.CLOCK_GetFllFreq
                0x00004908       0x84 ./drivers/fsl_clock.o
                0x00004908                CLOCK_GetFllFreq
 .text.CLOCK_GetInternalRefClkFreq
                0x0000498c       0x30 ./drivers/fsl_clock.o
                0x0000498c                CLOCK_GetInternalRefClkFreq
 .text.CLOCK_GetPll0Freq
                0x000049bc       0x78 ./drivers/fsl_clock.o
                0x000049bc                CLOCK_GetPll0Freq
 .text.CLOCK_SetExternalRefClkConfig
                0x00004a34       0x6c ./drivers/fsl_clock.o
                0x00004a34                CLOCK_SetExternalRefClkConfig
 .text.CLOCK_SetInternalRefClkConfig
                0x00004aa0      0x104 ./drivers/fsl_clock.o
                0x00004aa0                CLOCK_SetInternalRefClkConfig
 .text.CLOCK_EnablePll0
                0x00004ba4       0x88 ./drivers/fsl_clock.o
                0x00004ba4                CLOCK_EnablePll0
 .text.CLOCK_InitOsc0
                0x00004c2c       0x8c ./drivers/fsl_clock.o
                0x00004c2c                CLOCK_InitOsc0
 .text.CLOCK_SetPbeMode
                0x00004cb8       0xa8 ./drivers/fsl_clock.o
                0x00004cb8                CLOCK_SetPbeMode
 .text.CLOCK_BootToPeeMode
                0x00004d60       0x64 ./drivers/fsl_clock.o
                0x00004d60                CLOCK_BootToPeeMode
 .text.GPIO_PinInit
                0x00004dc4       0x64 ./drivers/fsl_gpio.o
                0x00004dc4                GPIO_PinInit
 .text.I2C_TransferCommonIRQHandler
                0x00004e28       0x58 ./drivers/fsl_i2c.o
 .text.I2C0_DriverIRQHandler
                0x00004e80       0x1c ./drivers/fsl_i2c.o
                0x00004e80                I2C0_DriverIRQHandler
 .text.I2C1_DriverIRQHandler
                0x00004e9c       0x1c ./drivers/fsl_i2c.o
                0x00004e9c                I2C1_DriverIRQHandler
 .text.I2C2_DriverIRQHandler
                0x00004eb8       0x1c ./drivers/fsl_i2c.o
                0x00004eb8                I2C2_DriverIRQHandler
 .text.UART_GetInstance
                0x00004ed4       0x54 ./drivers/fsl_uart.o
                0x00004ed4                UART_GetInstance
 .text.UART_Init
                0x00004f28      0x2f4 ./drivers/fsl_uart.o
                0x00004f28                UART_Init
 .text.UART_GetDefaultConfig
                0x0000521c       0x68 ./drivers/fsl_uart.o
                0x0000521c                UART_GetDefaultConfig
 .text.UART0_DriverIRQHandler
                0x00005284       0x28 ./drivers/fsl_uart.o
                0x00005284                UART0_DriverIRQHandler
 .text.UART1_DriverIRQHandler
                0x000052ac       0x28 ./drivers/fsl_uart.o
                0x000052ac                UART1_DriverIRQHandler
 .text.UART2_DriverIRQHandler
                0x000052d4       0x28 ./drivers/fsl_uart.o
                0x000052d4                UART2_DriverIRQHandler
 .text.UART3_DriverIRQHandler
                0x000052fc       0x28 ./drivers/fsl_uart.o
                0x000052fc                UART3_DriverIRQHandler
 .text.UART4_DriverIRQHandler
                0x00005324       0x28 ./drivers/fsl_uart.o
                0x00005324                UART4_DriverIRQHandler
 .text.UART5_DriverIRQHandler
                0x0000534c       0x28 ./drivers/fsl_uart.o
                0x0000534c                UART5_DriverIRQHandler
 .text.SystemInit
                0x00005374       0x3c ./device/system_MK64F12.o
                0x00005374                SystemInit
 .text.HAL_UartInit
                0x000053b0      0x128 ./component/uart/fsl_adapter_uart.o
                0x000053b0                HAL_UartInit
 .text.HAL_UartSendBlocking
                0x000054d8       0x64 ./component/uart/fsl_adapter_uart.o
                0x000054d8                HAL_UartSendBlocking
 .text.CLOCK_SetSdhc0Clock
                0x0000553c       0x3c ./board/clock_config.o
 .text.CLOCK_SetEnetTime0Clock
                0x00005578       0x3c ./board/clock_config.o
 .text.CLOCK_SetRmii0Clock
                0x000055b4       0x3c ./board/clock_config.o
 .text.CLOCK_SetTraceClock
                0x000055f0       0x3c ./board/clock_config.o
 .text.CLOCK_SetClkOutClock
                0x0000562c       0x38 ./board/clock_config.o
 .text.CLOCK_SetSimSafeDivs
                0x00005664       0x20 ./board/clock_config.o
 .text.CLOCK_SetXtal0Freq
                0x00005684       0x20 ./board/clock_config.o
 .text.CLOCK_CONFIG_SetFllExtRefDiv
                0x000056a4       0x3c ./board/clock_config.o
 .text.BOARD_BootClockRUN
                0x000056e0       0x88 ./board/clock_config.o
                0x000056e0                BOARD_BootClockRUN
 .text.PORT_SetPinConfig
                0x00005768       0x38 ./board/pin_mux.o
 .text.BOARD_InitPins
                0x000057a0       0x30 ./board/pin_mux.o
                0x000057a0                BOARD_InitPins
 .text.BOARD_InitDEBUG_UARTPins
                0x000057d0       0x6c ./board/pin_mux.o
                0x000057d0                BOARD_InitDEBUG_UARTPins
 .text.__assertion_failed
                0x0000583c       0x4c c:/nxp/mcuxpressoide_11.3.1_5262/ide/plugins/com.nxp.mcuxpresso.tools.win32_11.3.0.202008311133/tools/bin/../lib/gcc/arm-none-eabi/9.3.1/../../../../arm-none-eabi/lib/thumb/v7e-m+fp/hard\libcr_nohost_nf.a(_cr_assert.o)
                0x0000583c                __assertion_failed
 .text._Cwritebuf
                0x00005888       0x6c c:/nxp/mcuxpressoide_11.3.1_5262/ide/plugins/com.nxp.mcuxpresso.tools.win32_11.3.0.202008311133/tools/bin/../lib/gcc/arm-none-eabi/9.3.1/../../../../arm-none-eabi/lib/thumb/v7e-m+fp/hard\libcr_c.a(_writebuf.o)
                0x00005888                _Cwritebuf
 .text.malloc   0x000058f4       0xc8 c:/nxp/mcuxpressoide_11.3.1_5262/ide/plugins/com.nxp.mcuxpresso.tools.win32_11.3.0.202008311133/tools/bin/../lib/gcc/arm-none-eabi/9.3.1/../../../../arm-none-eabi/lib/thumb/v7e-m+fp/hard\libcr_c.a(alloc.o)
                0x000058f4                malloc
 .text._Csys_alloc
                0x000059bc       0x20 c:/nxp/mcuxpressoide_11.3.1_5262/ide/plugins/com.nxp.mcuxpresso.tools.win32_11.3.0.202008311133/tools/bin/../lib/gcc/arm-none-eabi/9.3.1/../../../../arm-none-eabi/lib/thumb/v7e-m+fp/hard\libcr_c.a(alloc.o)
                0x000059bc                _Csys_alloc
 .text.fseek    0x000059dc      0x100 c:/nxp/mcuxpressoide_11.3.1_5262/ide/plugins/com.nxp.mcuxpresso.tools.win32_11.3.0.202008311133/tools/bin/../lib/gcc/arm-none-eabi/9.3.1/../../../../arm-none-eabi/lib/thumb/v7e-m+fp/hard\libcr_c.a(fseek.o)
                0x000059dc                fseek
 .text.ftell    0x00005adc       0x44 c:/nxp/mcuxpressoide_11.3.1_5262/ide/plugins/com.nxp.mcuxpresso.tools.win32_11.3.0.202008311133/tools/bin/../lib/gcc/arm-none-eabi/9.3.1/../../../../arm-none-eabi/lib/thumb/v7e-m+fp/hard\libcr_c.a(ftell.o)
                0x00005adc                ftell
 .text._initio  0x00005b20       0x78 c:/nxp/mcuxpressoide_11.3.1_5262/ide/plugins/com.nxp.mcuxpresso.tools.win32_11.3.0.202008311133/tools/bin/../lib/gcc/arm-none-eabi/9.3.1/../../../../arm-none-eabi/lib/thumb/v7e-m+fp/hard\libcr_c.a(initio.o)
                0x00005b20                _initio
 .text._sbrk    0x00005b98       0x3c c:/nxp/mcuxpressoide_11.3.1_5262/ide/plugins/com.nxp.mcuxpresso.tools.win32_11.3.0.202008311133/tools/bin/../lib/gcc/arm-none-eabi/9.3.1/../../../../arm-none-eabi/lib/thumb/v7e-m+fp/hard\libcr_c.a(_cr_sbrk.o)
                0x00005b98                _sbrk
 .text.fflush   0x00005bd4       0x44 c:/nxp/mcuxpressoide_11.3.1_5262/ide/plugins/com.nxp.mcuxpresso.tools.win32_11.3.0.202008311133/tools/bin/../lib/gcc/arm-none-eabi/9.3.1/../../../../arm-none-eabi/lib/thumb/v7e-m+fp/hard\libcr_c.a(fflush.o)
                0x00005bd4                fflush
 .text.__check_heap_overflow
                0x00005c18       0x18 c:/nxp/mcuxpressoide_11.3.1_5262/ide/plugins/com.nxp.mcuxpresso.tools.win32_11.3.0.202008311133/tools/bin/../lib/gcc/arm-none-eabi/9.3.1/../../../../arm-none-eabi/lib/thumb/v7e-m+fp/hard\libcr_c.a(_cr_check_heap.o)
                0x00005c18                __check_heap_overflow
 .text.DbgConsole_PrintCallback
                0x00005c30       0x66 ./utilities/fsl_debug_console.o
 .text.PrintGetWidth
                0x00005c96       0x6a ./utilities/fsl_str.o
 .text.PrintGetPrecision
                0x00005d00       0x8c ./utilities/fsl_str.o
 .text.PrintIsobpu
                0x00005d8c       0x38 ./utilities/fsl_str.o
 .text.PrintIsdi
                0x00005dc4       0x2c ./utilities/fsl_str.o
 .text.PrintOutputdifFobpu
                0x00005df0       0x44 ./utilities/fsl_str.o
 .text.PrintOutputxX
                0x00005e34       0x44 ./utilities/fsl_str.o
 .text.PrintIsfF
                0x00005e78       0x2c ./utilities/fsl_str.o
 .text.PrintIsxX
                0x00005ea4       0x2c ./utilities/fsl_str.o
 .text.PrintFilterLengthFlag
                0x00005ed0       0x3e ./utilities/fsl_str.o
 .text.PrintGetRadixFromobpu
                0x00005f0e       0x40 ./utilities/fsl_str.o
 .text.ConvertRadixNumToString
                0x00005f4e      0x114 ./utilities/fsl_str.o
 .text.StrFormatPrintf
                0x00006062      0x290 ./utilities/fsl_str.o
                0x00006062                StrFormatPrintf
 .text.DMA0_IRQHandler
                0x000062f2        0x8 ./startup/startup_mk64f12.o
                0x000062f2                DMA0_IRQHandler
 .text.DMA1_IRQHandler
                0x000062fa        0x8 ./startup/startup_mk64f12.o
                0x000062fa                DMA1_IRQHandler
 .text.DMA2_IRQHandler
                0x00006302        0x8 ./startup/startup_mk64f12.o
                0x00006302                DMA2_IRQHandler
 .text.DMA3_IRQHandler
                0x0000630a        0x8 ./startup/startup_mk64f12.o
                0x0000630a                DMA3_IRQHandler
 .text.DMA4_IRQHandler
                0x00006312        0x8 ./startup/startup_mk64f12.o
                0x00006312                DMA4_IRQHandler
 .text.DMA5_IRQHandler
                0x0000631a        0x8 ./startup/startup_mk64f12.o
                0x0000631a                DMA5_IRQHandler
 .text.DMA6_IRQHandler
                0x00006322        0x8 ./startup/startup_mk64f12.o
                0x00006322                DMA6_IRQHandler
 .text.DMA7_IRQHandler
                0x0000632a        0x8 ./startup/startup_mk64f12.o
                0x0000632a                DMA7_IRQHandler
 .text.DMA8_IRQHandler
                0x00006332        0x8 ./startup/startup_mk64f12.o
                0x00006332                DMA8_IRQHandler
 .text.DMA9_IRQHandler
                0x0000633a        0x8 ./startup/startup_mk64f12.o
                0x0000633a                DMA9_IRQHandler
 .text.DMA10_IRQHandler
                0x00006342        0x8 ./startup/startup_mk64f12.o
                0x00006342                DMA10_IRQHandler
 .text.DMA11_IRQHandler
                0x0000634a        0x8 ./startup/startup_mk64f12.o
                0x0000634a                DMA11_IRQHandler
 .text.DMA12_IRQHandler
                0x00006352        0x8 ./startup/startup_mk64f12.o
                0x00006352                DMA12_IRQHandler
 .text.DMA13_IRQHandler
                0x0000635a        0x8 ./startup/startup_mk64f12.o
                0x0000635a                DMA13_IRQHandler
 .text.DMA14_IRQHandler
                0x00006362        0x8 ./startup/startup_mk64f12.o
                0x00006362                DMA14_IRQHandler
 .text.DMA15_IRQHandler
                0x0000636a        0x8 ./startup/startup_mk64f12.o
                0x0000636a                DMA15_IRQHandler
 .text.DMA_Error_IRQHandler
                0x00006372        0x8 ./startup/startup_mk64f12.o
                0x00006372                DMA_Error_IRQHandler
 .text.MCM_IRQHandler
                0x0000637a        0x8 ./startup/startup_mk64f12.o
                0x0000637a                MCM_IRQHandler
 .text.FTFE_IRQHandler
                0x00006382        0x8 ./startup/startup_mk64f12.o
                0x00006382                FTFE_IRQHandler
 .text.Read_Collision_IRQHandler
                0x0000638a        0x8 ./startup/startup_mk64f12.o
                0x0000638a                Read_Collision_IRQHandler
 .text.LVD_LVW_IRQHandler
                0x00006392        0x8 ./startup/startup_mk64f12.o
                0x00006392                LVD_LVW_IRQHandler
 .text.LLWU_IRQHandler
                0x0000639a        0x8 ./startup/startup_mk64f12.o
                0x0000639a                LLWU_IRQHandler
 .text.WDOG_EWM_IRQHandler
                0x000063a2        0x8 ./startup/startup_mk64f12.o
                0x000063a2                WDOG_EWM_IRQHandler
 .text.RNG_IRQHandler
                0x000063aa        0x8 ./startup/startup_mk64f12.o
                0x000063aa                RNG_IRQHandler
 .text.I2C0_IRQHandler
                0x000063b2        0x8 ./startup/startup_mk64f12.o
                0x000063b2                I2C0_IRQHandler
 .text.I2C1_IRQHandler
                0x000063ba        0x8 ./startup/startup_mk64f12.o
                0x000063ba                I2C1_IRQHandler
 .text.SPI0_IRQHandler
                0x000063c2        0x8 ./startup/startup_mk64f12.o
                0x000063c2                SPI0_IRQHandler
 .text.SPI1_IRQHandler
                0x000063ca        0x8 ./startup/startup_mk64f12.o
                0x000063ca                SPI1_IRQHandler
 .text.I2S0_Tx_IRQHandler
                0x000063d2        0x8 ./startup/startup_mk64f12.o
                0x000063d2                I2S0_Tx_IRQHandler
 .text.I2S0_Rx_IRQHandler
                0x000063da        0x8 ./startup/startup_mk64f12.o
                0x000063da                I2S0_Rx_IRQHandler
 .text.UART0_LON_IRQHandler
                0x000063e2        0x8 ./startup/startup_mk64f12.o
                0x000063e2                UART0_LON_IRQHandler
 .text.UART0_RX_TX_IRQHandler
                0x000063ea        0x8 ./startup/startup_mk64f12.o
                0x000063ea                UART0_RX_TX_IRQHandler
 .text.UART0_ERR_IRQHandler
                0x000063f2        0x8 ./startup/startup_mk64f12.o
                0x000063f2                UART0_ERR_IRQHandler
 .text.UART1_RX_TX_IRQHandler
                0x000063fa        0x8 ./startup/startup_mk64f12.o
                0x000063fa                UART1_RX_TX_IRQHandler
 .text.UART1_ERR_IRQHandler
                0x00006402        0x8 ./startup/startup_mk64f12.o
                0x00006402                UART1_ERR_IRQHandler
 .text.UART2_RX_TX_IRQHandler
                0x0000640a        0x8 ./startup/startup_mk64f12.o
                0x0000640a                UART2_RX_TX_IRQHandler
 .text.UART2_ERR_IRQHandler
                0x00006412        0x8 ./startup/startup_mk64f12.o
                0x00006412                UART2_ERR_IRQHandler
 .text.UART3_RX_TX_IRQHandler
                0x0000641a        0x8 ./startup/startup_mk64f12.o
                0x0000641a                UART3_RX_TX_IRQHandler
 .text.UART3_ERR_IRQHandler
                0x00006422        0x8 ./startup/startup_mk64f12.o
                0x00006422                UART3_ERR_IRQHandler
 .text.ADC0_IRQHandler
                0x0000642a        0x8 ./startup/startup_mk64f12.o
                0x0000642a                ADC0_IRQHandler
 .text.CMP0_IRQHandler
                0x00006432        0x8 ./startup/startup_mk64f12.o
                0x00006432                CMP0_IRQHandler
 .text.CMP1_IRQHandler
                0x0000643a        0x8 ./startup/startup_mk64f12.o
                0x0000643a                CMP1_IRQHandler
 .text.FTM0_IRQHandler
                0x00006442        0x8 ./startup/startup_mk64f12.o
                0x00006442                FTM0_IRQHandler
 .text.FTM1_IRQHandler
                0x0000644a        0x8 ./startup/startup_mk64f12.o
                0x0000644a                FTM1_IRQHandler
 .text.FTM2_IRQHandler
                0x00006452        0x8 ./startup/startup_mk64f12.o
                0x00006452                FTM2_IRQHandler
 .text.CMT_IRQHandler
                0x0000645a        0x8 ./startup/startup_mk64f12.o
                0x0000645a                CMT_IRQHandler
 .text.RTC_IRQHandler
                0x00006462        0x8 ./startup/startup_mk64f12.o
                0x00006462                RTC_IRQHandler
 .text.RTC_Seconds_IRQHandler
                0x0000646a        0x8 ./startup/startup_mk64f12.o
                0x0000646a                RTC_Seconds_IRQHandler
 .text.PIT0_IRQHandler
                0x00006472        0x8 ./startup/startup_mk64f12.o
                0x00006472                PIT0_IRQHandler
 .text.PIT1_IRQHandler
                0x0000647a        0x8 ./startup/startup_mk64f12.o
                0x0000647a                PIT1_IRQHandler
 .text.PIT2_IRQHandler
                0x00006482        0x8 ./startup/startup_mk64f12.o
                0x00006482                PIT2_IRQHandler
 .text.PIT3_IRQHandler
                0x0000648a        0x8 ./startup/startup_mk64f12.o
                0x0000648a                PIT3_IRQHandler
 .text.PDB0_IRQHandler
                0x00006492        0x8 ./startup/startup_mk64f12.o
                0x00006492                PDB0_IRQHandler
 .text.USB0_IRQHandler
                0x0000649a        0x8 ./startup/startup_mk64f12.o
                0x0000649a                USB0_IRQHandler
 .text.USBDCD_IRQHandler
                0x000064a2        0x8 ./startup/startup_mk64f12.o
                0x000064a2                USBDCD_IRQHandler
 .text.Reserved71_IRQHandler
                0x000064aa        0x8 ./startup/startup_mk64f12.o
                0x000064aa                Reserved71_IRQHandler
 .text.DAC0_IRQHandler
                0x000064b2        0x8 ./startup/startup_mk64f12.o
                0x000064b2                DAC0_IRQHandler
 .text.MCG_IRQHandler
                0x000064ba        0x8 ./startup/startup_mk64f12.o
                0x000064ba                MCG_IRQHandler
 .text.LPTMR0_IRQHandler
                0x000064c2        0x8 ./startup/startup_mk64f12.o
                0x000064c2                LPTMR0_IRQHandler
 .text.PORTA_IRQHandler
                0x000064ca        0x8 ./startup/startup_mk64f12.o
                0x000064ca                PORTA_IRQHandler
 .text.PORTB_IRQHandler
                0x000064d2        0x8 ./startup/startup_mk64f12.o
                0x000064d2                PORTB_IRQHandler
 .text.PORTC_IRQHandler
                0x000064da        0x8 ./startup/startup_mk64f12.o
                0x000064da                PORTC_IRQHandler
 .text.PORTD_IRQHandler
                0x000064e2        0x8 ./startup/startup_mk64f12.o
                0x000064e2                PORTD_IRQHandler
 .text.PORTE_IRQHandler
                0x000064ea        0x8 ./startup/startup_mk64f12.o
                0x000064ea                PORTE_IRQHandler
 .text.SWI_IRQHandler
                0x000064f2        0x8 ./startup/startup_mk64f12.o
                0x000064f2                SWI_IRQHandler
 .text.SPI2_IRQHandler
                0x000064fa        0x8 ./startup/startup_mk64f12.o
                0x000064fa                SPI2_IRQHandler
 .text.UART4_RX_TX_IRQHandler
                0x00006502        0x8 ./startup/startup_mk64f12.o
                0x00006502                UART4_RX_TX_IRQHandler
 .text.UART4_ERR_IRQHandler
                0x0000650a        0x8 ./startup/startup_mk64f12.o
                0x0000650a                UART4_ERR_IRQHandler
 .text.UART5_RX_TX_IRQHandler
                0x00006512        0x8 ./startup/startup_mk64f12.o
                0x00006512                UART5_RX_TX_IRQHandler
 .text.UART5_ERR_IRQHandler
                0x0000651a        0x8 ./startup/startup_mk64f12.o
                0x0000651a                UART5_ERR_IRQHandler
 .text.CMP2_IRQHandler
                0x00006522        0x8 ./startup/startup_mk64f12.o
                0x00006522                CMP2_IRQHandler
 .text.FTM3_IRQHandler
                0x0000652a        0x8 ./startup/startup_mk64f12.o
                0x0000652a                FTM3_IRQHandler
 .text.DAC1_IRQHandler
                0x00006532        0x8 ./startup/startup_mk64f12.o
                0x00006532                DAC1_IRQHandler
 .text.ADC1_IRQHandler
                0x0000653a        0x8 ./startup/startup_mk64f12.o
                0x0000653a                ADC1_IRQHandler
 .text.I2C2_IRQHandler
                0x00006542        0x8 ./startup/startup_mk64f12.o
                0x00006542                I2C2_IRQHandler
 .text.CAN0_ORed_Message_buffer_IRQHandler
                0x0000654a        0x8 ./startup/startup_mk64f12.o
                0x0000654a                CAN0_ORed_Message_buffer_IRQHandler
 .text.CAN0_Bus_Off_IRQHandler
                0x00006552        0x8 ./startup/startup_mk64f12.o
                0x00006552                CAN0_Bus_Off_IRQHandler
 .text.CAN0_Error_IRQHandler
                0x0000655a        0x8 ./startup/startup_mk64f12.o
                0x0000655a                CAN0_Error_IRQHandler
 .text.CAN0_Tx_Warning_IRQHandler
                0x00006562        0x8 ./startup/startup_mk64f12.o
                0x00006562                CAN0_Tx_Warning_IRQHandler
 .text.CAN0_Rx_Warning_IRQHandler
                0x0000656a        0x8 ./startup/startup_mk64f12.o
                0x0000656a                CAN0_Rx_Warning_IRQHandler
 .text.CAN0_Wake_Up_IRQHandler
                0x00006572        0x8 ./startup/startup_mk64f12.o
                0x00006572                CAN0_Wake_Up_IRQHandler
 .text.SDHC_IRQHandler
                0x0000657a        0x8 ./startup/startup_mk64f12.o
                0x0000657a                SDHC_IRQHandler
 .text.ENET_1588_Timer_IRQHandler
                0x00006582        0x8 ./startup/startup_mk64f12.o
                0x00006582                ENET_1588_Timer_IRQHandler
 .text.ENET_Transmit_IRQHandler
                0x0000658a        0x8 ./startup/startup_mk64f12.o
                0x0000658a                ENET_Transmit_IRQHandler
 .text.ENET_Receive_IRQHandler
                0x00006592        0x8 ./startup/startup_mk64f12.o
                0x00006592                ENET_Receive_IRQHandler
 .text.ENET_Error_IRQHandler
                0x0000659a        0x8 ./startup/startup_mk64f12.o
                0x0000659a                ENET_Error_IRQHandler
 .text.delay    0x000065a2       0x38 ./source/Final.o
                0x000065a2                delay
 .text.print_task
                0x000065da       0x1c ./source/Final.o
                0x000065da                print_task
 .text.taskLCDChar
                0x000065f6       0x3e ./source/Final.o
                0x000065f6                taskLCDChar
 .text.alarm_task
                0x00006634       0x14 ./source/Final.o
                0x00006634                alarm_task
 .text.CLOCK_EnableClock
                0x00006648       0x34 ./source/freertos_spi.o
 .text.PORT_SetPinMux
                0x0000667c       0x3a ./source/freertos_spi.o
 .text.CLOCK_EnableClock
                0x000066b6       0x34 ./source/fsl_dspi.o
 .text.EnableIRQ
                0x000066ea       0x32 ./source/fsl_dspi.o
 .text.DisableIRQ
                0x0000671c       0x32 ./source/fsl_dspi.o
 .text.DSPI_Enable
                0x0000674e       0x38 ./source/fsl_dspi.o
 .text.DSPI_GetStatusFlags
                0x00006786       0x18 ./source/fsl_dspi.o
 .text.DSPI_ClearStatusFlags
                0x0000679e       0x1c ./source/fsl_dspi.o
 .text.DSPI_DisableInterrupts
                0x000067ba       0x24 ./source/fsl_dspi.o
 .text.DSPI_SetMasterSlaveMode
                0x000067de       0x2a ./source/fsl_dspi.o
 .text.DSPI_IsMaster
                0x00006808       0x26 ./source/fsl_dspi.o
 .text.DSPI_StartTransfer
                0x0000682e       0x20 ./source/fsl_dspi.o
 .text.DSPI_StopTransfer
                0x0000684e       0x20 ./source/fsl_dspi.o
 .text.DSPI_FlushFifo
                0x0000686e       0x48 ./source/fsl_dspi.o
 .text.DSPI_MasterGetFormattedCommand
                0x000068b6       0x4a ./source/fsl_dspi.o
 .text.DSPI_ReadData
                0x00006900       0x18 ./source/fsl_dspi.o
 .text.DSPI_SetOnePcsPolarity
                0x00006918       0x4e ./source/fsl_dspi.o
 .text.DSPI_EnableInterrupts
                0x00006966       0x4e ./source/fsl_dspi.o
                0x00006966                DSPI_EnableInterrupts
 .text.CLOCK_EnableClock
                0x000069b4       0x34 ./source/nokiaLCD.o
 .text.PORT_SetPinMux
                0x000069e8       0x3a ./source/nokiaLCD.o
 .text.GPIO_PortSet
                0x00006a22       0x1c ./source/nokiaLCD.o
 .text.GPIO_PortClear
                0x00006a3e       0x1c ./source/nokiaLCD.o
 .text.nokiaLCD_gotoXY
                0x00006a5a       0x3a ./source/nokiaLCD.o
 .text.HardFault_Handler
                0x00006a94       0x2c ./source/semihost_hardfault.o
                0x00006a94                HardFault_Handler
 .text.vListInitialise
                0x00006ac0       0x40 ./freertos/freertos_kernel/list.o
                0x00006ac0                vListInitialise
 .text.vListInitialiseItem
                0x00006b00       0x1a ./freertos/freertos_kernel/list.o
                0x00006b00                vListInitialiseItem
 .text.vListInsertEnd
                0x00006b1a       0x48 ./freertos/freertos_kernel/list.o
                0x00006b1a                vListInsertEnd
 .text.vListInsert
                0x00006b62       0x72 ./freertos/freertos_kernel/list.o
                0x00006b62                vListInsert
 .text.uxListRemove
                0x00006bd4       0x54 ./freertos/freertos_kernel/list.o
                0x00006bd4                uxListRemove
 .text.xQueueGenericCreate
                0x00006c28       0xbe ./freertos/freertos_kernel/queue.o
                0x00006c28                xQueueGenericCreate
 .text.prvInitialiseNewQueue
                0x00006ce6       0x46 ./freertos/freertos_kernel/queue.o
 .text.prvInitialiseMutex
                0x00006d2c       0x34 ./freertos/freertos_kernel/queue.o
 .text.xQueueCreateMutex
                0x00006d60       0x30 ./freertos/freertos_kernel/queue.o
                0x00006d60                xQueueCreateMutex
 .text.xQueueGenericSendFromISR
                0x00006d90      0x154 ./freertos/freertos_kernel/queue.o
                0x00006d90                xQueueGenericSendFromISR
 .text.xQueueGiveFromISR
                0x00006ee4      0x138 ./freertos/freertos_kernel/queue.o
                0x00006ee4                xQueueGiveFromISR
 .text.prvGetDisinheritPriorityAfterTimeout
                0x0000701c       0x30 ./freertos/freertos_kernel/queue.o
 .text.prvCopyDataToQueue
                0x0000704c       0xd4 ./freertos/freertos_kernel/queue.o
 .text.prvCopyDataFromQueue
                0x00007120       0x4c ./freertos/freertos_kernel/queue.o
 .text.prvUnlockQueue
                0x0000716c       0xa4 ./freertos/freertos_kernel/queue.o
 .text.prvIsQueueEmpty
                0x00007210       0x2c ./freertos/freertos_kernel/queue.o
 .text.prvIsQueueFull
                0x0000723c       0x30 ./freertos/freertos_kernel/queue.o
 .text.vQueueWaitForMessageRestricted
                0x0000726c       0x68 ./freertos/freertos_kernel/queue.o
                0x0000726c                vQueueWaitForMessageRestricted
 .text.xTaskCreate
                0x000072d4       0x82 ./freertos/freertos_kernel/tasks.o
                0x000072d4                xTaskCreate
 .text.prvInitialiseNewTask
                0x00007356      0x13a ./freertos/freertos_kernel/tasks.o
 .text.prvDeleteTCB
                0x00007490       0x20 ./freertos/freertos_kernel/tasks.o
 .text.prvTimerTask
                0x000074b0       0x24 ./freertos/freertos_kernel/timers.o
 .text.CLOCK_EnableClock
                0x000074d4       0x34 ./drivers/fsl_clock.o
 .text.CLOCK_DisableClock
                0x00007508       0x38 ./drivers/fsl_clock.o
 .text.OSC_SetExtRefClkConfig
                0x00007540       0x34 ./drivers/fsl_clock.o
 .text.OSC_SetCapLoad
                0x00007574       0x34 ./drivers/fsl_clock.o
 .text.CLOCK_GetPll0RefFreq
                0x000075a8        0xe ./drivers/fsl_clock.o
 .text.CLOCK_GetFixedFreqClkFreq
                0x000075b6       0x34 ./drivers/fsl_clock.o
                0x000075b6                CLOCK_GetFixedFreqClkFreq
 .text.GPIO_PinWrite
                0x000075ea       0x36 ./drivers/fsl_gpio.o
 .text.CLOCK_EnableClock
                0x00007620       0x34 ./drivers/fsl_uart.o
 .text.UART_WriteBlocking
                0x00007654       0x50 ./drivers/fsl_uart.o
                0x00007654                UART_WriteBlocking
 .text.UART0_RX_TX_DriverIRQHandler
                0x000076a4       0x12 ./drivers/fsl_uart.o
                0x000076a4                UART0_RX_TX_DriverIRQHandler
 .text.UART1_RX_TX_DriverIRQHandler
                0x000076b6       0x12 ./drivers/fsl_uart.o
                0x000076b6                UART1_RX_TX_DriverIRQHandler
 .text.UART2_RX_TX_DriverIRQHandler
                0x000076c8       0x12 ./drivers/fsl_uart.o
                0x000076c8                UART2_RX_TX_DriverIRQHandler
 .text.UART3_RX_TX_DriverIRQHandler
                0x000076da       0x12 ./drivers/fsl_uart.o
                0x000076da                UART3_RX_TX_DriverIRQHandler
 .text.UART4_RX_TX_DriverIRQHandler
                0x000076ec       0x12 ./drivers/fsl_uart.o
                0x000076ec                UART4_RX_TX_DriverIRQHandler
 .text.UART5_RX_TX_DriverIRQHandler
                0x000076fe       0x12 ./drivers/fsl_uart.o
                0x000076fe                UART5_RX_TX_DriverIRQHandler
 .text.SystemInitHook
                0x00007710        0xe ./device/system_MK64F12.o
                0x00007710                SystemInitHook
 .text.HAL_UartGetStatus
                0x0000771e       0x22 ./component/uart/fsl_adapter_uart.o
 .text.DisableGlobalIRQ
                0x00007740       0x22 ./component/serial_manager/fsl_component_serial_manager.o
 .text.EnableGlobalIRQ
                0x00007762       0x20 ./component/serial_manager/fsl_component_serial_manager.o
 .text.SerialManager_StartWriting
                0x00007782       0x38 ./component/serial_manager/fsl_component_serial_manager.o
 .text.SerialManager_Write
                0x000077ba       0x44 ./component/serial_manager/fsl_component_serial_manager.o
 .text.SerialManager_Init
                0x000077fe       0x60 ./component/serial_manager/fsl_component_serial_manager.o
                0x000077fe                SerialManager_Init
 .text.SerialManager_OpenWriteHandle
                0x0000785e       0x50 ./component/serial_manager/fsl_component_serial_manager.o
                0x0000785e                SerialManager_OpenWriteHandle
 .text.SerialManager_OpenReadHandle
                0x000078ae       0x60 ./component/serial_manager/fsl_component_serial_manager.o
                0x000078ae                SerialManager_OpenReadHandle
 .text.SerialManager_WriteBlocking
                0x0000790e       0x20 ./component/serial_manager/fsl_component_serial_manager.o
                0x0000790e                SerialManager_WriteBlocking
 .text.Serial_UartInit
                0x0000792e       0x3e ./component/serial_manager/fsl_component_serial_port_uart.o
                0x0000792e                Serial_UartInit
 .text.Serial_UartWrite
                0x0000796c       0x38 ./component/serial_manager/fsl_component_serial_port_uart.o
                0x0000796c                Serial_UartWrite
 .text.BOARD_InitDebugConsole
                0x000079a4       0x22 ./board/board.o
                0x000079a4                BOARD_InitDebugConsole
 .text.BOARD_InitBootClocks
                0x000079c6        0xc ./board/clock_config.o
                0x000079c6                BOARD_InitBootClocks
 .text.BOARD_InitPeripherals
                0x000079d2        0xe ./board/peripherals.o
                0x000079d2                BOARD_InitPeripherals
 .text.BOARD_InitBootPeripherals
                0x000079e0        0xc ./board/peripherals.o
                0x000079e0                BOARD_InitBootPeripherals
 .text.CLOCK_EnableClock
                0x000079ec       0x34 ./board/pin_mux.o
 .text.PORT_SetPinMux
                0x00007a20       0x3a ./board/pin_mux.o
 .text.BOARD_InitBootPins
                0x00007a5a       0x10 ./board/pin_mux.o
                0x00007a5a                BOARD_InitBootPins
 .text.__main   0x00007a6a        0xe c:/nxp/mcuxpressoide_11.3.1_5262/ide/plugins/com.nxp.mcuxpresso.tools.win32_11.3.0.202008311133/tools/bin/../lib/gcc/arm-none-eabi/9.3.1/../../../../arm-none-eabi/lib/thumb/v7e-m+fp/hard\libcr_nohost_nf.a(_cr__main.o)
                0x00007a6a                __main
 .text.__sys_appexit
                0x00007a78        0x2 c:/nxp/mcuxpressoide_11.3.1_5262/ide/plugins/com.nxp.mcuxpresso.tools.win32_11.3.0.202008311133/tools/bin/../lib/gcc/arm-none-eabi/9.3.1/../../../../arm-none-eabi/lib/thumb/v7e-m+fp/hard\libcr_nohost_nf.a(__sys_appexit.o)
                0x00007a78                __sys_appexit
                0x00007a78                __exit
 .text.memcpy   0x00007a7a        0x4 c:/nxp/mcuxpressoide_11.3.1_5262/ide/plugins/com.nxp.mcuxpresso.tools.win32_11.3.0.202008311133/tools/bin/../lib/gcc/arm-none-eabi/9.3.1/../../../../arm-none-eabi/lib/thumb/v7e-m+fp/hard\libcr_c.a(memcpy.o)
                0x00007a7a                memcpy
 .text.memset   0x00007a7e        0x4 c:/nxp/mcuxpressoide_11.3.1_5262/ide/plugins/com.nxp.mcuxpresso.tools.win32_11.3.0.202008311133/tools/bin/../lib/gcc/arm-none-eabi/9.3.1/../../../../arm-none-eabi/lib/thumb/v7e-m+fp/hard\libcr_c.a(memset.o)
                0x00007a7e                memset
 .text._deferredlazyseek
                0x00007a82       0x40 c:/nxp/mcuxpressoide_11.3.1_5262/ide/plugins/com.nxp.mcuxpresso.tools.win32_11.3.0.202008311133/tools/bin/../lib/gcc/arm-none-eabi/9.3.1/../../../../arm-none-eabi/lib/thumb/v7e-m+fp/hard\libcr_c.a(_deferredlazyseek.o)
                0x00007a82                _deferredlazyseek
 .text.__flsbuf
                0x00007ac2      0x140 c:/nxp/mcuxpressoide_11.3.1_5262/ide/plugins/com.nxp.mcuxpresso.tools.win32_11.3.0.202008311133/tools/bin/../lib/gcc/arm-none-eabi/9.3.1/../../../../arm-none-eabi/lib/thumb/v7e-m+fp/hard\libcr_c.a(_deferredlazyseek.o)
                0x00007ac2                __flsbuf
 .text._fflush  0x00007c02       0x52 c:/nxp/mcuxpressoide_11.3.1_5262/ide/plugins/com.nxp.mcuxpresso.tools.win32_11.3.0.202008311133/tools/bin/../lib/gcc/arm-none-eabi/9.3.1/../../../../arm-none-eabi/lib/thumb/v7e-m+fp/hard\libcr_c.a(_fflush.o)
                0x00007c02                _fflush
 .text.free     0x00007c54       0x30 c:/nxp/mcuxpressoide_11.3.1_5262/ide/plugins/com.nxp.mcuxpresso.tools.win32_11.3.0.202008311133/tools/bin/../lib/gcc/arm-none-eabi/9.3.1/../../../../arm-none-eabi/lib/thumb/v7e-m+fp/hard\libcr_c.a(alloc.o)
                0x00007c54                free
 .text.fputs    0x00007c84       0x2c c:/nxp/mcuxpressoide_11.3.1_5262/ide/plugins/com.nxp.mcuxpresso.tools.win32_11.3.0.202008311133/tools/bin/../lib/gcc/arm-none-eabi/9.3.1/../../../../arm-none-eabi/lib/thumb/v7e-m+fp/hard\libcr_c.a(fputs.o)
                0x00007c84                fputs
 .text.setvbuf  0x00007cb0       0x3e c:/nxp/mcuxpressoide_11.3.1_5262/ide/plugins/com.nxp.mcuxpresso.tools.win32_11.3.0.202008311133/tools/bin/../lib/gcc/arm-none-eabi/9.3.1/../../../../arm-none-eabi/lib/thumb/v7e-m+fp/hard\libcr_c.a(setvbuf.o)
                0x00007cb0                setvbuf
 .text.strlen   0x00007cee       0x4c c:/nxp/mcuxpressoide_11.3.1_5262/ide/plugins/com.nxp.mcuxpresso.tools.win32_11.3.0.202008311133/tools/bin/../lib/gcc/arm-none-eabi/9.3.1/../../../../arm-none-eabi/lib/thumb/v7e-m+fp/hard\libcr_c.a(strlen.o)
                0x00007cee                strlen
 .text._fdopen  0x00007d3a       0x68 c:/nxp/mcuxpressoide_11.3.1_5262/ide/plugins/com.nxp.mcuxpresso.tools.win32_11.3.0.202008311133/tools/bin/../lib/gcc/arm-none-eabi/9.3.1/../../../../arm-none-eabi/lib/thumb/v7e-m+fp/hard\libcr_c.a(_fdopen.o)
                0x00007d3a                _fdopen
 .text.fclose   0x00007da2       0x58 c:/nxp/mcuxpressoide_11.3.1_5262/ide/plugins/com.nxp.mcuxpresso.tools.win32_11.3.0.202008311133/tools/bin/../lib/gcc/arm-none-eabi/9.3.1/../../../../arm-none-eabi/lib/thumb/v7e-m+fp/hard\libcr_c.a(fclose.o)
                0x00007da2                fclose
 .text.remove   0x00007dfa       0x14 c:/nxp/mcuxpressoide_11.3.1_5262/ide/plugins/com.nxp.mcuxpresso.tools.win32_11.3.0.202008311133/tools/bin/../lib/gcc/arm-none-eabi/9.3.1/../../../../arm-none-eabi/lib/thumb/v7e-m+fp/hard\libcr_c.a(remove.o)
                0x00007dfa                remove
 .text._do_fflush
                0x00007e0e       0x40 c:/nxp/mcuxpressoide_11.3.1_5262/ide/plugins/com.nxp.mcuxpresso.tools.win32_11.3.0.202008311133/tools/bin/../lib/gcc/arm-none-eabi/9.3.1/../../../../arm-none-eabi/lib/thumb/v7e-m+fp/hard\libcr_c.a(_do_fflush.o)
                0x00007e0e                _do_fflush
 .text.__aeabi_memcpy
                0x00007e4e       0x34 c:/nxp/mcuxpressoide_11.3.1_5262/ide/plugins/com.nxp.mcuxpresso.tools.win32_11.3.0.202008311133/tools/bin/../lib/gcc/arm-none-eabi/9.3.1/thumb/v7e-m+fp/hard\libcr_eabihelpers.a(memcpy.o)
                0x00007e4e                __aeabi_memcpy
                0x00007e58                __aeabi_memcpy8
                0x00007e58                __aeabi_memcpy4
 .text.__aeabi_memset_lowlevel
                0x00007e82       0x32 c:/nxp/mcuxpressoide_11.3.1_5262/ide/plugins/com.nxp.mcuxpresso.tools.win32_11.3.0.202008311133/tools/bin/../lib/gcc/arm-none-eabi/9.3.1/thumb/v7e-m+fp/hard\libcr_eabihelpers.a(memcpy.o)
                0x00007e82                __aeabi_lowlevel_memset
 .text.__sys_close
                0x00007eb4        0x6 c:/nxp/mcuxpressoide_11.3.1_5262/ide/plugins/com.nxp.mcuxpresso.tools.win32_11.3.0.202008311133/tools/bin/../lib/gcc/arm-none-eabi/9.3.1/../../../../arm-none-eabi/lib/thumb/v7e-m+fp/hard\libcr_nohost_nf.a(__sys_close.o)
                0x00007eb4                __sys_close
 .text.__sys_flen
                0x00007eba        0x6 c:/nxp/mcuxpressoide_11.3.1_5262/ide/plugins/com.nxp.mcuxpresso.tools.win32_11.3.0.202008311133/tools/bin/../lib/gcc/arm-none-eabi/9.3.1/../../../../arm-none-eabi/lib/thumb/v7e-m+fp/hard\libcr_nohost_nf.a(__sys_flen.o)
                0x00007eba                __sys_flen
 .text.__sys_istty
                0x00007ec0        0x6 c:/nxp/mcuxpressoide_11.3.1_5262/ide/plugins/com.nxp.mcuxpresso.tools.win32_11.3.0.202008311133/tools/bin/../lib/gcc/arm-none-eabi/9.3.1/../../../../arm-none-eabi/lib/thumb/v7e-m+fp/hard\libcr_nohost_nf.a(__sys_istty.o)
                0x00007ec0                __sys_istty
 .text.__sys_remove
                0x00007ec6        0x6 c:/nxp/mcuxpressoide_11.3.1_5262/ide/plugins/com.nxp.mcuxpresso.tools.win32_11.3.0.202008311133/tools/bin/../lib/gcc/arm-none-eabi/9.3.1/../../../../arm-none-eabi/lib/thumb/v7e-m+fp/hard\libcr_nohost_nf.a(__sys_remove.o)
                0x00007ec6                __sys_remove
 .text.__sys_seek
                0x00007ecc        0x6 c:/nxp/mcuxpressoide_11.3.1_5262/ide/plugins/com.nxp.mcuxpresso.tools.win32_11.3.0.202008311133/tools/bin/../lib/gcc/arm-none-eabi/9.3.1/../../../../arm-none-eabi/lib/thumb/v7e-m+fp/hard\libcr_nohost_nf.a(__sys_seek.o)
                0x00007ecc                __sys_seek
 .text.__sys_tmpnam
                0x00007ed2        0x6 c:/nxp/mcuxpressoide_11.3.1_5262/ide/plugins/com.nxp.mcuxpresso.tools.win32_11.3.0.202008311133/tools/bin/../lib/gcc/arm-none-eabi/9.3.1/../../../../arm-none-eabi/lib/thumb/v7e-m+fp/hard\libcr_nohost_nf.a(__sys_tmpnam.o)
                0x00007ed2                __sys_tmpnam
 .text.__sys_write
                0x00007ed8        0x4 c:/nxp/mcuxpressoide_11.3.1_5262/ide/plugins/com.nxp.mcuxpresso.tools.win32_11.3.0.202008311133/tools/bin/../lib/gcc/arm-none-eabi/9.3.1/../../../../arm-none-eabi/lib/thumb/v7e-m+fp/hard\libcr_nohost_nf.a(__sys_write.o)
                0x00007ed8                __sys_write
 *freertos*/tasks.o(SORT_BY_ALIGNMENT(.rodata*))
 .rodata.vTaskStartScheduler.str1.4
                0x00007edc        0x5 ./freertos/freertos_kernel/tasks.o
 *(SORT_BY_ALIGNMENT(.rodata) SORT_BY_ALIGNMENT(.rodata.*) SORT_BY_ALIGNMENT(.constdata) SORT_BY_ALIGNMENT(.constdata.*))
 *fill*         0x00007ee1        0x3 ff
 .rodata.cinves_Bitmap
                0x00007ee4      0x1f8 ./source/Final.o
                0x00007ee4                cinves_Bitmap
 .rodata.main.str1.4
                0x000080dc       0x39 ./source/Final.o
 *fill*         0x00008115        0x3 ff
 .rodata.vTask_0.str1.4
                0x00008118       0x29 ./source/Final.o
 *fill*         0x00008141        0x3 ff
 .rodata.s_baudratePrescaler
                0x00008144       0x10 ./source/fsl_dspi.o
 .rodata.s_baudrateScaler
                0x00008154       0x40 ./source/fsl_dspi.o
 .rodata.s_delayPrescaler
                0x00008194       0x10 ./source/fsl_dspi.o
 .rodata.s_delayScaler
                0x000081a4       0x40 ./source/fsl_dspi.o
 .rodata.s_dspiBases
                0x000081e4        0xc ./source/fsl_dspi.o
 .rodata.s_dspiIRQ
                0x000081f0        0x3 ./source/fsl_dspi.o
 *fill*         0x000081f3        0x1 ff
 .rodata.s_dspiClock
                0x000081f4        0xc ./source/fsl_dspi.o
 .rodata.DSPI_GetInstance.str1.4
                0x00008200       0x35 ./source/fsl_dspi.o
 *fill*         0x00008235        0x3 ff
 .rodata.DSPI_MasterInit.str1.4
                0x00008238       0x40 ./source/fsl_dspi.o
 .rodata.DSPI_MasterSetDelayScaler.str1.4
                0x00008278       0x18 ./source/fsl_dspi.o
 .rodata.DSPI_MasterTransferCreateHandle.str1.4
                0x00008290       0x21 ./source/fsl_dspi.o
 *fill*         0x000082b1        0x3 ff
 .rodata.DSPI_MasterTransferPrepare.str1.4
                0x000082b4       0x48 ./source/fsl_dspi.o
 .rodata.DSPI_MasterTransferNonBlocking.str1.4
                0x000082fc       0x48 ./source/fsl_dspi.o
 .rodata.DSPI_MasterTransferComplete.str1.4
                0x00008344       0x22 ./source/fsl_dspi.o
 *fill*         0x00008366        0x2 ff
 .rodata.DSPI_MasterTransferFillUpTxFifo.str1.4
                0x00008368       0x22 ./source/fsl_dspi.o
 *fill*         0x0000838a        0x2 ff
 .rodata.DSPI_MasterTransferHandleIRQ.str1.4
                0x0000838c       0x22 ./source/fsl_dspi.o
 *fill*         0x000083ae        0x2 ff
 .rodata.SPI0_DriverIRQHandler.str1.4
                0x000083b0       0x2b ./source/fsl_dspi.o
 *fill*         0x000083db        0x1 ff
 .rodata.SPI1_DriverIRQHandler.str1.4
                0x000083dc       0x2b ./source/fsl_dspi.o
 *fill*         0x00008407        0x1 ff
 .rodata.SPI2_DriverIRQHandler.str1.4
                0x00008408       0x2b ./source/fsl_dspi.o
 *fill*         0x00008433        0x1 ff
 .rodata.ASCII  0x00008434      0x1e0 ./source/nokiaLCD.o
 .rodata        0x00008614        0x2 ./source/nokiaLCD.o
 *fill*         0x00008616        0x2 ff
 .rodata.xTimerCreateTimerTask.str1.4
                0x00008618        0x8 ./freertos/freertos_kernel/timers.o
 .rodata.prvCheckForValidListAndQueue.str1.4
                0x00008620        0x5 ./freertos/freertos_kernel/timers.o
 *fill*         0x00008625        0x3 ff
 .rodata.CLOCK_GetMcgExtClkFreq.str1.4
                0x00008628       0x4e ./drivers/fsl_clock.o
 *fill*         0x00008676        0x2 ff
 .rodata.CLOCK_GetOsc0ErClkFreq.str1.4
                0x00008678       0x1f ./drivers/fsl_clock.o
 *fill*         0x00008697        0x1 ff
 .rodata.CLOCK_GetEr32kClkFreq.str1.4
                0x00008698       0x20 ./drivers/fsl_clock.o
 .rodata.CLOCK_GetPll0Freq.str1.4
                0x000086b8       0x1e ./drivers/fsl_clock.o
 *fill*         0x000086d6        0x2 ff
 .rodata.CLOCK_EnablePll0.str1.4
                0x000086d8       0x1b ./drivers/fsl_clock.o
 *fill*         0x000086f3        0x1 ff
 .rodata.CLOCK_SetPbeMode.str1.4
                0x000086f4       0x1b ./drivers/fsl_clock.o
 *fill*         0x0000870f        0x1 ff
 .rodata.CLOCK_BootToPeeMode.str1.4
                0x00008710       0x1b ./drivers/fsl_clock.o
 *fill*         0x0000872b        0x1 ff
 .rodata.fllFactorTable.8081
                0x0000872c       0x10 ./drivers/fsl_clock.o
 .rodata.GPIO_PinInit.str1.4
                0x0000873c       0x21 ./drivers/fsl_gpio.o
 *fill*         0x0000875d        0x3 ff
 .rodata.s_uartBases
                0x00008760       0x18 ./drivers/fsl_uart.o
 .rodata.s_uartClock
                0x00008778       0x18 ./drivers/fsl_uart.o
 .rodata.UART_GetInstance.str1.4
                0x00008790       0x2c ./drivers/fsl_uart.o
 .rodata.UART_Init.str1.4
                0x000087bc      0x104 ./drivers/fsl_uart.o
 .rodata.UART_GetDefaultConfig.str1.4
                0x000088c0       0x21 ./drivers/fsl_uart.o
 *fill*         0x000088e1        0x3 ff
 .rodata.s_UartAdapterBase
                0x000088e4       0x18 ./component/uart/fsl_adapter_uart.o
 .rodata.HAL_UartInit.str1.4
                0x000088fc       0xe6 ./component/uart/fsl_adapter_uart.o
 *fill*         0x000089e2        0x2 ff
 .rodata.HAL_UartSendBlocking.str1.4
                0x000089e4       0x65 ./component/uart/fsl_adapter_uart.o
 *fill*         0x00008a49        0x3 ff
 .rodata.mcgConfig_BOARD_BootClockRUN
                0x00008a4c        0xb ./board/clock_config.o
                0x00008a4c                mcgConfig_BOARD_BootClockRUN
 *fill*         0x00008a57        0x1 ff
 .rodata.simConfig_BOARD_BootClockRUN
                0x00008a58        0x8 ./board/clock_config.o
                0x00008a58                simConfig_BOARD_BootClockRUN
 .rodata.oscConfig_BOARD_BootClockRUN
                0x00008a60        0x8 ./board/clock_config.o
                0x00008a60                oscConfig_BOARD_BootClockRUN
 .rodata.PORT_SetPinConfig.str1.4
                0x00008a68       0x63 ./board/pin_mux.o
 *fill*         0x00008acb        0x1 ff
 .rodata.__num_Ciob_streams
                0x00008acc        0x4 c:/nxp/mcuxpressoide_11.3.1_5262/ide/plugins/com.nxp.mcuxpresso.tools.win32_11.3.0.202008311133/tools/bin/../lib/gcc/arm-none-eabi/9.3.1/../../../../arm-none-eabi/lib/thumb/v7e-m+fp/hard\libcr_nohost_nf.a(__ciob.o)
                0x00008acc                __num_Ciob_streams
 .rodata.__assertion_failed.str1.1
                0x00008ad0       0x15 c:/nxp/mcuxpressoide_11.3.1_5262/ide/plugins/com.nxp.mcuxpresso.tools.win32_11.3.0.202008311133/tools/bin/../lib/gcc/arm-none-eabi/9.3.1/../../../../arm-none-eabi/lib/thumb/v7e-m+fp/hard\libcr_nohost_nf.a(_cr_assert.o)
 .rodata._Csys_alloc.str1.1
                0x00008ae5       0x18 c:/nxp/mcuxpressoide_11.3.1_5262/ide/plugins/com.nxp.mcuxpresso.tools.win32_11.3.0.202008311133/tools/bin/../lib/gcc/arm-none-eabi/9.3.1/../../../../arm-none-eabi/lib/thumb/v7e-m+fp/hard\libcr_c.a(alloc.o)
 .rodata._initio.str1.1
                0x00008afd        0x4 c:/nxp/mcuxpressoide_11.3.1_5262/ide/plugins/com.nxp.mcuxpresso.tools.win32_11.3.0.202008311133/tools/bin/../lib/gcc/arm-none-eabi/9.3.1/../../../../arm-none-eabi/lib/thumb/v7e-m+fp/hard\libcr_c.a(initio.o)
                0x00008b08                . = ALIGN (0x8)
 *fill*         0x00008b01        0x7 ff

.glue_7         0x00008b08        0x0
 .glue_7        0x00008b08        0x0 linker stubs

.glue_7t        0x00008b08        0x0
 .glue_7t       0x00008b08        0x0 linker stubs

.vfp11_veneer   0x00008b08        0x0
 .vfp11_veneer  0x00008b08        0x0 linker stubs

.v4_bx          0x00008b08        0x0
 .v4_bx         0x00008b08        0x0 linker stubs

.iplt           0x00008b08        0x0
 .iplt          0x00008b08        0x0 ./utilities/fsl_debug_console.o

.rel.dyn        0x00008b08        0x0
 .rel.iplt      0x00008b08        0x0 ./utilities/fsl_debug_console.o

.ARM.extab
 *(SORT_BY_ALIGNMENT(.ARM.extab*) SORT_BY_ALIGNMENT(.gnu.linkonce.armextab.*))

.ARM.exidx      0x00008b08        0x0
                0x00008b08                __exidx_start = .
 *(SORT_BY_ALIGNMENT(.ARM.exidx*) SORT_BY_ALIGNMENT(.gnu.linkonce.armexidx.*))
                0x00008b08                __exidx_end = .
                0x00008b08                _etext = .

.m_usb_data
 *(SORT_BY_ALIGNMENT(m_usb_bdt))

.data_RAM2      0x1fff0000        0x0 load address 0x00008b08
 FILL mask 0xff
                [!provide]                PROVIDE (__start_data_RAM2 = .)
                [!provide]                PROVIDE (__start_data_SRAM_LOWER = .)
 *(SORT_BY_ALIGNMENT(.ramfunc.$RAM2))
 *(SORT_BY_ALIGNMENT(.ramfunc.$SRAM_LOWER))
 *(SORT_BY_ALIGNMENT(.data.$RAM2))
 *(SORT_BY_ALIGNMENT(.data.$SRAM_LOWER))
 *(SORT_BY_ALIGNMENT(.data.$RAM2.*))
 *(SORT_BY_ALIGNMENT(.data.$SRAM_LOWER.*))
                0x1fff0000                . = ALIGN (0x8)
                [!provide]                PROVIDE (__end_data_RAM2 = .)
                [!provide]                PROVIDE (__end_data_SRAM_LOWER = .)

.data_RAM3      0x14000000        0x0 load address 0x00008b08
 FILL mask 0xff
                [!provide]                PROVIDE (__start_data_RAM3 = .)
                [!provide]                PROVIDE (__start_data_FLEX_RAM = .)
 *(SORT_BY_ALIGNMENT(.ramfunc.$RAM3))
 *(SORT_BY_ALIGNMENT(.ramfunc.$FLEX_RAM))
 *(SORT_BY_ALIGNMENT(.data.$RAM3))
 *(SORT_BY_ALIGNMENT(.data.$FLEX_RAM))
 *(SORT_BY_ALIGNMENT(.data.$RAM3.*))
 *(SORT_BY_ALIGNMENT(.data.$FLEX_RAM.*))
                0x14000000                . = ALIGN (0x8)
                [!provide]                PROVIDE (__end_data_RAM3 = .)
                [!provide]                PROVIDE (__end_data_FLEX_RAM = .)

.uninit_RESERVED
                0x20000000        0x0
                0x20000000                _start_uninit_RESERVED = .
 *(SORT_BY_ALIGNMENT(.bss.$RESERVED*))
                0x20000000                . = ALIGN (0x8)
                0x20000000                _end_uninit_RESERVED = .

.data           0x20000000      0x210 load address 0x00008b08
 FILL mask 0xff
                0x20000000                _data = .
                [!provide]                PROVIDE (__start_data_RAM = .)
                [!provide]                PROVIDE (__start_data_SRAM_UPPER = .)
 *(SORT_BY_ALIGNMENT(vtable))
 *(SORT_BY_ALIGNMENT(.ramfunc*))
 *(SORT_BY_ALIGNMENT(CodeQuickAccess))
 *(SORT_BY_ALIGNMENT(DataQuickAccess))
 *(SORT_BY_ALIGNMENT(RamFunction))
 *(SORT_BY_ALIGNMENT(.data*))
 .data.displayMap
                0x20000000      0x1f8 ./source/nokiaLCD.o
 .data.uxCriticalNesting
                0x200001f8        0x4 ./freertos/freertos_kernel/portable/GCC/ARM_CM4F/port.o
 .data.uxTopUsedPriority
                0x200001fc        0x4 ./freertos/freertos_kernel/tasks.o
                0x200001fc                uxTopUsedPriority
 .data.s_slowIrcFreq
                0x20000200        0x4 ./drivers/fsl_clock.o
 .data.s_fastIrcFreq
                0x20000204        0x4 ./drivers/fsl_clock.o
 .data.SystemCoreClock
                0x20000208        0x4 ./device/system_MK64F12.o
                0x20000208                SystemCoreClock
                0x20000210                . = ALIGN (0x8)
 *fill*         0x2000020c        0x4 ff
                0x20000210                _edata = .
                [!provide]                PROVIDE (__end_data_RAM = .)
                [!provide]                PROVIDE (__end_data_SRAM_UPPER = .)

.igot.plt       0x20000210        0x0 load address 0x00008d18
 .igot.plt      0x20000210        0x0 ./utilities/fsl_debug_console.o

.bss_RAM2       0x1fff0000        0x0
                [!provide]                PROVIDE (__start_bss_RAM2 = .)
                [!provide]                PROVIDE (__start_bss_SRAM_LOWER = .)
 *(SORT_BY_ALIGNMENT(.bss.$RAM2))
 *(SORT_BY_ALIGNMENT(.bss.$SRAM_LOWER))
 *(SORT_BY_ALIGNMENT(.bss.$RAM2.*))
 *(SORT_BY_ALIGNMENT(.bss.$SRAM_LOWER.*))
                0x1fff0000                . = ALIGN ((. != 0x0)?0x8:0x1)
                [!provide]                PROVIDE (__end_bss_RAM2 = .)
                [!provide]                PROVIDE (__end_bss_SRAM_LOWER = .)

.bss_RAM3       0x14000000        0x0
                [!provide]                PROVIDE (__start_bss_RAM3 = .)
                [!provide]                PROVIDE (__start_bss_FLEX_RAM = .)
 *(SORT_BY_ALIGNMENT(.bss.$RAM3))
 *(SORT_BY_ALIGNMENT(.bss.$FLEX_RAM))
 *(SORT_BY_ALIGNMENT(.bss.$RAM3.*))
 *(SORT_BY_ALIGNMENT(.bss.$FLEX_RAM.*))
                0x14000000                . = ALIGN ((. != 0x0)?0x8:0x1)
                [!provide]                PROVIDE (__end_bss_RAM3 = .)
                [!provide]                PROVIDE (__end_bss_FLEX_RAM = .)

.bss            0x20000210     0x2b78
                0x20000210                _bss = .
                [!provide]                PROVIDE (__start_bss_RAM = .)
                [!provide]                PROVIDE (__start_bss_SRAM_UPPER = .)
 *(SORT_BY_ALIGNMENT(.bss*))
 .bss.s_debugConsoleState
                0x20000210       0x20 ./utilities/fsl_debug_console.o
 .bss.g_serialHandle
                0x20000230        0x4 ./utilities/fsl_debug_console.o
                0x20000230                g_serialHandle
 .bss.SPImailbox
                0x20000234        0x4 ./source/Final.o
 .bss.xSemaphore_minutes
                0x20000238        0x4 ./source/Final.o
                0x20000238                xSemaphore_minutes
 .bss.xSemaphore_hours
                0x2000023c        0x4 ./source/Final.o
                0x2000023c                xSemaphore_hours
 .bss.xMutex    0x20000240        0x4 ./source/Final.o
                0x20000240                xMutex
 .bss.freertos_spi_handles
                0x20000244       0x88 ./source/freertos_spi.o
 .bss.g_dspiHandle
                0x200002cc        0xc ./source/fsl_dspi.o
 .bss.s_dspiMasterIsr
                0x200002d8        0x4 ./source/fsl_dspi.o
 .bss.s_dspiSlaveIsr
                0x200002dc        0x4 ./source/fsl_dspi.o
 .bss.g_dspiDummyData
                0x200002e0        0x3 ./source/fsl_dspi.o
                0x200002e0                g_dspiDummyData
 *fill*         0x200002e3        0x1 
 .bss.ucHeap    0x200002e4     0x2800 ./freertos/freertos_kernel/portable/MemMang/heap_4.o
 .bss.xStart    0x20002ae4        0x8 ./freertos/freertos_kernel/portable/MemMang/heap_4.o
 .bss.pxEnd     0x20002aec        0x4 ./freertos/freertos_kernel/portable/MemMang/heap_4.o
 .bss.xFreeBytesRemaining
                0x20002af0        0x4 ./freertos/freertos_kernel/portable/MemMang/heap_4.o
 .bss.xMinimumEverFreeBytesRemaining
                0x20002af4        0x4 ./freertos/freertos_kernel/portable/MemMang/heap_4.o
 .bss.xNumberOfSuccessfulAllocations
                0x20002af8        0x4 ./freertos/freertos_kernel/portable/MemMang/heap_4.o
 .bss.xNumberOfSuccessfulFrees
                0x20002afc        0x4 ./freertos/freertos_kernel/portable/MemMang/heap_4.o
 .bss.xBlockAllocatedBit
                0x20002b00        0x4 ./freertos/freertos_kernel/portable/MemMang/heap_4.o
 .bss.ulMaxPRIGROUPValue
                0x20002b04        0x4 ./freertos/freertos_kernel/portable/GCC/ARM_CM4F/port.o
 .bss.xQueueRegistry
                0x20002b08       0x40 ./freertos/freertos_kernel/queue.o
                0x20002b08                xQueueRegistry
 .bss.pxCurrentTCB
                0x20002b48        0x4 ./freertos/freertos_kernel/tasks.o
                0x20002b48                pxCurrentTCB
 .bss.pxReadyTasksLists
                0x20002b4c       0x64 ./freertos/freertos_kernel/tasks.o
 .bss.xDelayedTaskList1
                0x20002bb0       0x14 ./freertos/freertos_kernel/tasks.o
 .bss.xDelayedTaskList2
                0x20002bc4       0x14 ./freertos/freertos_kernel/tasks.o
 .bss.pxDelayedTaskList
                0x20002bd8        0x4 ./freertos/freertos_kernel/tasks.o
 .bss.pxOverflowDelayedTaskList
                0x20002bdc        0x4 ./freertos/freertos_kernel/tasks.o
 .bss.xPendingReadyList
                0x20002be0       0x14 ./freertos/freertos_kernel/tasks.o
 .bss.xTasksWaitingTermination
                0x20002bf4       0x14 ./freertos/freertos_kernel/tasks.o
 .bss.uxDeletedTasksWaitingCleanUp
                0x20002c08        0x4 ./freertos/freertos_kernel/tasks.o
 .bss.xSuspendedTaskList
                0x20002c0c       0x14 ./freertos/freertos_kernel/tasks.o
 .bss.uxCurrentNumberOfTasks
                0x20002c20        0x4 ./freertos/freertos_kernel/tasks.o
 .bss.xTickCount
                0x20002c24        0x4 ./freertos/freertos_kernel/tasks.o
 .bss.uxTopReadyPriority
                0x20002c28        0x4 ./freertos/freertos_kernel/tasks.o
 .bss.xSchedulerRunning
                0x20002c2c        0x4 ./freertos/freertos_kernel/tasks.o
 .bss.xPendedTicks
                0x20002c30        0x4 ./freertos/freertos_kernel/tasks.o
 .bss.xYieldPending
                0x20002c34        0x4 ./freertos/freertos_kernel/tasks.o
 .bss.xNumOfOverflows
                0x20002c38        0x4 ./freertos/freertos_kernel/tasks.o
 .bss.uxTaskNumber
                0x20002c3c        0x4 ./freertos/freertos_kernel/tasks.o
 .bss.xNextTaskUnblockTime
                0x20002c40        0x4 ./freertos/freertos_kernel/tasks.o
 .bss.xIdleTaskHandle
                0x20002c44        0x4 ./freertos/freertos_kernel/tasks.o
 .bss.uxSchedulerSuspended
                0x20002c48        0x4 ./freertos/freertos_kernel/tasks.o
 .bss.xActiveTimerList1
                0x20002c4c       0x14 ./freertos/freertos_kernel/timers.o
 .bss.xActiveTimerList2
                0x20002c60       0x14 ./freertos/freertos_kernel/timers.o
 .bss.pxCurrentTimerList
                0x20002c74        0x4 ./freertos/freertos_kernel/timers.o
 .bss.pxOverflowTimerList
                0x20002c78        0x4 ./freertos/freertos_kernel/timers.o
 .bss.xTimerQueue
                0x20002c7c        0x4 ./freertos/freertos_kernel/timers.o
 .bss.xTimerTaskHandle
                0x20002c80        0x4 ./freertos/freertos_kernel/timers.o
 .bss.xLastTime.6008
                0x20002c84        0x4 ./freertos/freertos_kernel/timers.o
 .bss.g_xtal0Freq
                0x20002c88        0x4 ./drivers/fsl_clock.o
                0x20002c88                g_xtal0Freq
 .bss.g_xtal32Freq
                0x20002c8c        0x4 ./drivers/fsl_clock.o
                0x20002c8c                g_xtal32Freq
 .bss.s_i2cHandle
                0x20002c90        0xc ./drivers/fsl_i2c.o
 .bss.s_i2cMasterIsr
                0x20002c9c        0x4 ./drivers/fsl_i2c.o
 .bss.s_i2cSlaveIsr
                0x20002ca0        0x4 ./drivers/fsl_i2c.o
 .bss.s_uartHandle
                0x20002ca4       0x18 ./drivers/fsl_uart.o
                0x20002ca4                s_uartHandle
 .bss.s_uartIsr
                0x20002cbc        0x4 ./drivers/fsl_uart.o
                0x20002cbc                s_uartIsr
 .bss.__Ciob    0x20002cc0       0xb4 c:/nxp/mcuxpressoide_11.3.1_5262/ide/plugins/com.nxp.mcuxpresso.tools.win32_11.3.0.202008311133/tools/bin/../lib/gcc/arm-none-eabi/9.3.1/../../../../arm-none-eabi/lib/thumb/v7e-m+fp/hard\libcr_nohost_nf.a(__ciob.o)
                0x20002cc0                __Ciob
 .bss.errno     0x20002d74        0x4 c:/nxp/mcuxpressoide_11.3.1_5262/ide/plugins/com.nxp.mcuxpresso.tools.win32_11.3.0.202008311133/tools/bin/../lib/gcc/arm-none-eabi/9.3.1/../../../../arm-none-eabi/lib/thumb/v7e-m+fp/hard\libcr_c.a(errno.o)
                0x20002d74                errno
 .bss.__end_of_heap
                0x20002d78        0x4 c:/nxp/mcuxpressoide_11.3.1_5262/ide/plugins/com.nxp.mcuxpresso.tools.win32_11.3.0.202008311133/tools/bin/../lib/gcc/arm-none-eabi/9.3.1/../../../../arm-none-eabi/lib/thumb/v7e-m+fp/hard\libcr_c.a(__init_alloc.o)
                0x20002d78                __end_of_heap
 .bss.__heaps   0x20002d7c        0x4 c:/nxp/mcuxpressoide_11.3.1_5262/ide/plugins/com.nxp.mcuxpresso.tools.win32_11.3.0.202008311133/tools/bin/../lib/gcc/arm-none-eabi/9.3.1/../../../../arm-none-eabi/lib/thumb/v7e-m+fp/hard\libcr_c.a(__init_alloc.o)
                0x20002d7c                __heaps
 .bss.s_debugConsoleReadWaitSemaphore
                0x20002d80        0x1 ./utilities/fsl_debug_console.o
 .bss.ucMaxSysCallPriority
                0x20002d81        0x1 ./freertos/freertos_kernel/portable/GCC/ARM_CM4F/port.o
 *(SORT_BY_ALIGNMENT(COMMON))
                0x20002d88                . = ALIGN (0x8)
 *fill*         0x20002d82        0x6 
                0x20002d88                _ebss = .
                [!provide]                PROVIDE (__end_bss_RAM = .)
                [!provide]                PROVIDE (__end_bss_SRAM_UPPER = .)
                [!provide]                PROVIDE (end = .)

.noinit_RAM2    0x1fff0000        0x0
                [!provide]                PROVIDE (__start_noinit_RAM2 = .)
                [!provide]                PROVIDE (__start_noinit_SRAM_LOWER = .)
 *(SORT_BY_ALIGNMENT(.noinit.$RAM2))
 *(SORT_BY_ALIGNMENT(.noinit.$SRAM_LOWER))
 *(SORT_BY_ALIGNMENT(.noinit.$RAM2.*))
 *(SORT_BY_ALIGNMENT(.noinit.$SRAM_LOWER.*))
                0x1fff0000                . = ALIGN (0x8)
                [!provide]                PROVIDE (__end_noinit_RAM2 = .)
                [!provide]                PROVIDE (__end_noinit_SRAM_LOWER = .)

.noinit_RAM3    0x14000000        0x0
                [!provide]                PROVIDE (__start_noinit_RAM3 = .)
                [!provide]                PROVIDE (__start_noinit_FLEX_RAM = .)
 *(SORT_BY_ALIGNMENT(.noinit.$RAM3))
 *(SORT_BY_ALIGNMENT(.noinit.$FLEX_RAM))
 *(SORT_BY_ALIGNMENT(.noinit.$RAM3.*))
 *(SORT_BY_ALIGNMENT(.noinit.$FLEX_RAM.*))
                0x14000000                . = ALIGN (0x8)
                [!provide]                PROVIDE (__end_noinit_RAM3 = .)
                [!provide]                PROVIDE (__end_noinit_FLEX_RAM = .)

.noinit         0x20002d88        0x0
                0x20002d88                _noinit = .
                [!provide]                PROVIDE (__start_noinit_RAM = .)
                [!provide]                PROVIDE (__start_noinit_SRAM_UPPER = .)
 *(SORT_BY_ALIGNMENT(.noinit*))
                0x20002d88                . = ALIGN (0x8)
                0x20002d88                _end_noinit = .
                [!provide]                PROVIDE (__end_noinit_RAM = .)
                [!provide]                PROVIDE (__end_noinit_SRAM_UPPER = .)
                0x00001000                _HeapSize = 0x1000

.heap           0x20002d88     0x1000
                0x20002d88                _pvHeapStart = .
                0x20003d88                . = (. + _HeapSize)
 *fill*         0x20002d88     0x1000 
                0x20003d88                . = ALIGN (0x8)
                0x20003d88                _pvHeapLimit = .
                0x00001000                _StackSize = 0x1000

.heap2stackfill
                0x20003d88     0x1000
                0x20004d88                . = (. + _StackSize)
 *fill*         0x20003d88     0x1000 

.stack          0x2002f000        0x0
                0x2002f000                _vStackBase = .
                0x2002f000                . = ALIGN (0x8)
                0x20030000                _vStackTop = (. + _StackSize)
                0x00000000                _image_start = LOADADDR (.text)
                0x00008d18                _image_end = (LOADADDR (.data) + SIZEOF (.data))
                0x00008d18                _image_size = (_image_end - _image_start)
OUTPUT(Final.axf elf32-littlearm)
LOAD linker stubs

.debug_info     0x00000000    0x177da
 .debug_info    0x00000000      0xbd2 ./utilities/fsl_debug_console.o
 .debug_info    0x00000bd2      0xb38 ./utilities/fsl_str.o
 .debug_info    0x0000170a      0x92e ./startup/startup_mk64f12.o
 .debug_info    0x00002038      0xc9f ./source/Final.o
 .debug_info    0x00002cd7     0x171d ./source/freertos_spi.o
 .debug_info    0x000043f4     0x2614 ./source/fsl_dspi.o
 .debug_info    0x00006a08      0xf5a ./source/nokiaLCD.o
 .debug_info    0x00007962       0x3c ./source/semihost_hardfault.o
 .debug_info    0x0000799e      0x505 ./freertos/freertos_kernel/portable/MemMang/heap_4.o
 .debug_info    0x00007ea3      0x511 ./freertos/freertos_kernel/portable/GCC/ARM_CM4F/port.o
 .debug_info    0x000083b4      0x302 ./freertos/freertos_kernel/list.o
 .debug_info    0x000086b6     0x1769 ./freertos/freertos_kernel/queue.o
 .debug_info    0x00009e1f     0x21ec ./freertos/freertos_kernel/tasks.o
 .debug_info    0x0000c00b      0xeb6 ./freertos/freertos_kernel/timers.o
 .debug_info    0x0000cec1     0x21fa ./drivers/fsl_clock.o
 .debug_info    0x0000f0bb      0x704 ./drivers/fsl_gpio.o
 .debug_info    0x0000f7bf     0x1ee8 ./drivers/fsl_i2c.o
 .debug_info    0x000116a7     0x1fb9 ./drivers/fsl_uart.o
 .debug_info    0x00013660      0x69f ./device/system_MK64F12.o
 .debug_info    0x00013cff      0xda6 ./component/uart/fsl_adapter_uart.o
 .debug_info    0x00014aa5      0x962 ./component/serial_manager/fsl_component_serial_manager.o
 .debug_info    0x00015407      0x4f1 ./component/serial_manager/fsl_component_serial_port_uart.o
 .debug_info    0x000158f8      0x4c8 ./board/board.o
 .debug_info    0x00015dc0      0xd1a ./board/clock_config.o
 .debug_info    0x00016ada       0x4e ./board/peripherals.o
 .debug_info    0x00016b28      0xcb2 ./board/pin_mux.o

.debug_abbrev   0x00000000     0x3b02
 .debug_abbrev  0x00000000      0x251 ./utilities/fsl_debug_console.o
 .debug_abbrev  0x00000251      0x26c ./utilities/fsl_str.o
 .debug_abbrev  0x000004bd      0x17a ./startup/startup_mk64f12.o
 .debug_abbrev  0x00000637      0x2b5 ./source/Final.o
 .debug_abbrev  0x000008ec      0x2cd ./source/freertos_spi.o
 .debug_abbrev  0x00000bb9      0x399 ./source/fsl_dspi.o
 .debug_abbrev  0x00000f52      0x2ac ./source/nokiaLCD.o
 .debug_abbrev  0x000011fe       0x31 ./source/semihost_hardfault.o
 .debug_abbrev  0x0000122f      0x209 ./freertos/freertos_kernel/portable/MemMang/heap_4.o
 .debug_abbrev  0x00001438      0x259 ./freertos/freertos_kernel/portable/GCC/ARM_CM4F/port.o
 .debug_abbrev  0x00001691      0x12d ./freertos/freertos_kernel/list.o
 .debug_abbrev  0x000017be      0x2aa ./freertos/freertos_kernel/queue.o
 .debug_abbrev  0x00001a68      0x309 ./freertos/freertos_kernel/tasks.o
 .debug_abbrev  0x00001d71      0x286 ./freertos/freertos_kernel/timers.o
 .debug_abbrev  0x00001ff7      0x371 ./drivers/fsl_clock.o
 .debug_abbrev  0x00002368      0x1b8 ./drivers/fsl_gpio.o
 .debug_abbrev  0x00002520      0x395 ./drivers/fsl_i2c.o
 .debug_abbrev  0x000028b5      0x437 ./drivers/fsl_uart.o
 .debug_abbrev  0x00002cec      0x170 ./device/system_MK64F12.o
 .debug_abbrev  0x00002e5c      0x214 ./component/uart/fsl_adapter_uart.o
 .debug_abbrev  0x00003070      0x26f ./component/serial_manager/fsl_component_serial_manager.o
 .debug_abbrev  0x000032df      0x1a0 ./component/serial_manager/fsl_component_serial_port_uart.o
 .debug_abbrev  0x0000347f      0x120 ./board/board.o
 .debug_abbrev  0x0000359f      0x265 ./board/clock_config.o
 .debug_abbrev  0x00003804       0x4b ./board/peripherals.o
 .debug_abbrev  0x0000384f      0x2b3 ./board/pin_mux.o

.debug_aranges  0x00000000     0x1540
 .debug_aranges
                0x00000000       0x98 ./utilities/fsl_debug_console.o
 .debug_aranges
                0x00000098       0xb8 ./utilities/fsl_str.o
 .debug_aranges
                0x00000150      0x330 ./startup/startup_mk64f12.o
 .debug_aranges
                0x00000480       0x68 ./source/Final.o
 .debug_aranges
                0x000004e8       0x58 ./source/freertos_spi.o
 .debug_aranges
                0x00000540      0x1d8 ./source/fsl_dspi.o
 .debug_aranges
                0x00000718       0xb0 ./source/nokiaLCD.o